Archive member included to satisfy reference by file (symbol)

/opt/homebrew/Cellar/arm-none-eabi-gcc/10.3-2021.07/gcc/bin/../lib/gcc/arm-none-eabi/10.3.1/../../../../arm-none-eabi/lib/thumb/v7e-m+fp/hard/libc_nano.a(lib_a-errno.o)
                              build/syscalls.o (__errno)
/opt/homebrew/Cellar/arm-none-eabi-gcc/10.3-2021.07/gcc/bin/../lib/gcc/arm-none-eabi/10.3.1/../../../../arm-none-eabi/lib/thumb/v7e-m+fp/hard/libc_nano.a(lib_a-exit.o)
                              /opt/homebrew/Cellar/arm-none-eabi-gcc/10.3-2021.07/gcc/bin/../lib/gcc/arm-none-eabi/10.3.1/../../../../arm-none-eabi/lib/thumb/v7e-m+fp/hard/crt0.o (exit)
/opt/homebrew/Cellar/arm-none-eabi-gcc/10.3-2021.07/gcc/bin/../lib/gcc/arm-none-eabi/10.3.1/../../../../arm-none-eabi/lib/thumb/v7e-m+fp/hard/libc_nano.a(lib_a-impure.o)
                              /opt/homebrew/Cellar/arm-none-eabi-gcc/10.3-2021.07/gcc/bin/../lib/gcc/arm-none-eabi/10.3.1/../../../../arm-none-eabi/lib/thumb/v7e-m+fp/hard/libc_nano.a(lib_a-exit.o) (_global_impure_ptr)
/opt/homebrew/Cellar/arm-none-eabi-gcc/10.3-2021.07/gcc/bin/../lib/gcc/arm-none-eabi/10.3.1/../../../../arm-none-eabi/lib/thumb/v7e-m+fp/hard/libc_nano.a(lib_a-init.o)
                              /opt/homebrew/Cellar/arm-none-eabi-gcc/10.3-2021.07/gcc/bin/../lib/gcc/arm-none-eabi/10.3.1/../../../../arm-none-eabi/lib/thumb/v7e-m+fp/hard/crt0.o (__libc_init_array)
/opt/homebrew/Cellar/arm-none-eabi-gcc/10.3-2021.07/gcc/bin/../lib/gcc/arm-none-eabi/10.3.1/../../../../arm-none-eabi/lib/thumb/v7e-m+fp/hard/libc_nano.a(lib_a-memset.o)
                              /opt/homebrew/Cellar/arm-none-eabi-gcc/10.3-2021.07/gcc/bin/../lib/gcc/arm-none-eabi/10.3.1/../../../../arm-none-eabi/lib/thumb/v7e-m+fp/hard/crt0.o (memset)
/opt/homebrew/Cellar/arm-none-eabi-gcc/10.3-2021.07/gcc/bin/../lib/gcc/arm-none-eabi/10.3.1/../../../../arm-none-eabi/lib/thumb/v7e-m+fp/hard/libc_nano.a(lib_a-puts.o)
                              build/main.o (puts)
/opt/homebrew/Cellar/arm-none-eabi-gcc/10.3-2021.07/gcc/bin/../lib/gcc/arm-none-eabi/10.3.1/../../../../arm-none-eabi/lib/thumb/v7e-m+fp/hard/libc_nano.a(lib_a-wbuf.o)
                              /opt/homebrew/Cellar/arm-none-eabi-gcc/10.3-2021.07/gcc/bin/../lib/gcc/arm-none-eabi/10.3.1/../../../../arm-none-eabi/lib/thumb/v7e-m+fp/hard/libc_nano.a(lib_a-puts.o) (__swbuf_r)
/opt/homebrew/Cellar/arm-none-eabi-gcc/10.3-2021.07/gcc/bin/../lib/gcc/arm-none-eabi/10.3.1/../../../../arm-none-eabi/lib/thumb/v7e-m+fp/hard/libc_nano.a(lib_a-wsetup.o)
                              /opt/homebrew/Cellar/arm-none-eabi-gcc/10.3-2021.07/gcc/bin/../lib/gcc/arm-none-eabi/10.3.1/../../../../arm-none-eabi/lib/thumb/v7e-m+fp/hard/libc_nano.a(lib_a-puts.o) (__swsetup_r)
/opt/homebrew/Cellar/arm-none-eabi-gcc/10.3-2021.07/gcc/bin/../lib/gcc/arm-none-eabi/10.3.1/../../../../arm-none-eabi/lib/thumb/v7e-m+fp/hard/libc_nano.a(lib_a-fflush.o)
                              /opt/homebrew/Cellar/arm-none-eabi-gcc/10.3-2021.07/gcc/bin/../lib/gcc/arm-none-eabi/10.3.1/../../../../arm-none-eabi/lib/thumb/v7e-m+fp/hard/libc_nano.a(lib_a-wbuf.o) (_fflush_r)
/opt/homebrew/Cellar/arm-none-eabi-gcc/10.3-2021.07/gcc/bin/../lib/gcc/arm-none-eabi/10.3.1/../../../../arm-none-eabi/lib/thumb/v7e-m+fp/hard/libc_nano.a(lib_a-findfp.o)
                              /opt/homebrew/Cellar/arm-none-eabi-gcc/10.3-2021.07/gcc/bin/../lib/gcc/arm-none-eabi/10.3.1/../../../../arm-none-eabi/lib/thumb/v7e-m+fp/hard/libc_nano.a(lib_a-puts.o) (__sinit)
/opt/homebrew/Cellar/arm-none-eabi-gcc/10.3-2021.07/gcc/bin/../lib/gcc/arm-none-eabi/10.3.1/../../../../arm-none-eabi/lib/thumb/v7e-m+fp/hard/libc_nano.a(lib_a-fwalk.o)
                              /opt/homebrew/Cellar/arm-none-eabi-gcc/10.3-2021.07/gcc/bin/../lib/gcc/arm-none-eabi/10.3.1/../../../../arm-none-eabi/lib/thumb/v7e-m+fp/hard/libc_nano.a(lib_a-findfp.o) (_fwalk)
/opt/homebrew/Cellar/arm-none-eabi-gcc/10.3-2021.07/gcc/bin/../lib/gcc/arm-none-eabi/10.3.1/../../../../arm-none-eabi/lib/thumb/v7e-m+fp/hard/libc_nano.a(lib_a-lock.o)
                              /opt/homebrew/Cellar/arm-none-eabi-gcc/10.3-2021.07/gcc/bin/../lib/gcc/arm-none-eabi/10.3.1/../../../../arm-none-eabi/lib/thumb/v7e-m+fp/hard/libc_nano.a(lib_a-findfp.o) (__retarget_lock_init_recursive)
/opt/homebrew/Cellar/arm-none-eabi-gcc/10.3-2021.07/gcc/bin/../lib/gcc/arm-none-eabi/10.3.1/../../../../arm-none-eabi/lib/thumb/v7e-m+fp/hard/libc_nano.a(lib_a-makebuf.o)
                              /opt/homebrew/Cellar/arm-none-eabi-gcc/10.3-2021.07/gcc/bin/../lib/gcc/arm-none-eabi/10.3.1/../../../../arm-none-eabi/lib/thumb/v7e-m+fp/hard/libc_nano.a(lib_a-wsetup.o) (__smakebuf_r)
/opt/homebrew/Cellar/arm-none-eabi-gcc/10.3-2021.07/gcc/bin/../lib/gcc/arm-none-eabi/10.3.1/../../../../arm-none-eabi/lib/thumb/v7e-m+fp/hard/libc_nano.a(lib_a-nano-freer.o)
[...]
Memory Configuration

Name             Origin             Length             Attributes
RAM              0x0000000020000000 0x0000000000040000 xrw
FLASH            0x0000000008000000 0x0000000000080000 xr
*default*        0x0000000000000000 0xffffffffffffffff

Linker script and memory map

LOAD /opt/homebrew/Cellar/arm-none-eabi-gcc/10.3-2021.07/gcc/bin/../lib/gcc/arm-none-eabi/10.3.1/thumb/v7e-m+fp/hard/crti.o
LOAD /opt/homebrew/Cellar/arm-none-eabi-gcc/10.3-2021.07/gcc/bin/../lib/gcc/arm-none-eabi/10.3.1/thumb/v7e-m+fp/hard/crtbegin.o
LOAD /opt/homebrew/Cellar/arm-none-eabi-gcc/10.3-2021.07/gcc/bin/../lib/gcc/arm-none-eabi/10.3.1/../../../../arm-none-eabi/lib/thumb/v7e-m+fp/hard/crt0.o
LOAD build/drv_serial.o
LOAD build/main.o
LOAD build/scheduler.o
LOAD build/stm32f7xx_hal_msp.o
LOAD build/stm32f7xx_it.o
LOAD build/syscalls.o
LOAD build/system_stm32f7xx.o
LOAD build/stm32f7xx_hal.o
LOAD build/stm32f7xx_hal_cortex.o
LOAD build/stm32f7xx_hal_dma.o
LOAD build/stm32f7xx_hal_dma_ex.o
LOAD build/stm32f7xx_hal_exti.o
LOAD build/stm32f7xx_hal_flash.o
LOAD build/stm32f7xx_hal_flash_ex.o
LOAD build/stm32f7xx_hal_gpio.o
LOAD build/stm32f7xx_hal_i2c.o
LOAD build/stm32f7xx_hal_i2c_ex.o
LOAD build/stm32f7xx_hal_pwr.o
LOAD build/stm32f7xx_hal_pwr_ex.o
LOAD build/stm32f7xx_hal_rcc.o
LOAD build/stm32f7xx_hal_rcc_ex.o
LOAD build/stm32f7xx_hal_tim.o
LOAD build/stm32f7xx_hal_tim_ex.o
LOAD build/startup_stm32f722xx.o
LOAD /opt/homebrew/Cellar/arm-none-eabi-gcc/10.3-2021.07/gcc/bin/../lib/gcc/arm-none-eabi/10.3.1/../../../../arm-none-eabi/lib/thumb/v7e-m+fp/hard/libc_nano.a
LOAD /opt/homebrew/Cellar/arm-none-eabi-gcc/10.3-2021.07/gcc/bin/../lib/gcc/arm-none-eabi/10.3.1/../../../../arm-none-eabi/lib/thumb/v7e-m+fp/hard/libm.a
LOAD /opt/homebrew/Cellar/arm-none-eabi-gcc/10.3-2021.07/gcc/bin/../lib/gcc/arm-none-eabi/10.3.1/../../../../arm-none-eabi/lib/thumb/v7e-m+fp/hard/libnosys.a
START GROUP
LOAD /opt/homebrew/Cellar/arm-none-eabi-gcc/10.3-2021.07/gcc/bin/../lib/gcc/arm-none-eabi/10.3.1/thumb/v7e-m+fp/hard/libgcc.a
LOAD /opt/homebrew/Cellar/arm-none-eabi-gcc/10.3-2021.07/gcc/bin/../lib/gcc/arm-none-eabi/10.3.1/../../../../arm-none-eabi/lib/thumb/v7e-m+fp/hard/libc_nano.a
END GROUP
START GROUP
LOAD /opt/homebrew/Cellar/arm-none-eabi-gcc/10.3-2021.07/gcc/bin/../lib/gcc/arm-none-eabi/10.3.1/thumb/v7e-m+fp/hard/libgcc.a
LOAD /opt/homebrew/Cellar/arm-none-eabi-gcc/10.3-2021.07/gcc/bin/../lib/gcc/arm-none-eabi/10.3.1/../../../../arm-none-eabi/lib/thumb/v7e-m+fp/hard/libc_nano.a
END GROUP
LOAD /opt/homebrew/Cellar/arm-none-eabi-gcc/10.3-2021.07/gcc/bin/../lib/gcc/arm-none-eabi/10.3.1/thumb/v7e-m+fp/hard/crtend.o
LOAD /opt/homebrew/Cellar/arm-none-eabi-gcc/10.3-2021.07/gcc/bin/../lib/gcc/arm-none-eabi/10.3.1/thumb/v7e-m+fp/hard/crtn.o
                0x0000000020040000                _estack = (ORIGIN (RAM) + LENGTH (RAM))
                0x0000000000000200                _Min_Heap_Size = 0x200
                0x0000000000000400                _Min_Stack_Size = 0x400

.isr_vector     0x0000000008000000      0x1e0
                0x0000000008000000                . = ALIGN (0x4)
 *(.isr_vector)
 .isr_vector    0x0000000008000000      0x1e0 build/startup_stm32f722xx.o
                0x0000000008000000                g_pfnVectors
                0x00000000080001e0                . = ALIGN (0x4)

.text           0x00000000080001e0     0x1ba0
                0x00000000080001e0                . = ALIGN (0x4)
 *(.text)
 .text          0x00000000080001e0       0x40 /opt/homebrew/Cellar/arm-none-eabi-gcc/10.3-2021.07/gcc/bin/../lib/gcc/arm-none-eabi/10.3.1/thumb/v7e-m+fp/hard/crtbegin.o
 .text          0x0000000008000220       0x30 /opt/homebrew/Cellar/arm-none-eabi-gcc/10.3-2021.07/gcc/bin/../lib/gcc/arm-none-eabi/10.3.1/thumb/v7e-m+fp/hard/libgcc.a(_aeabi_uldivmod.o)
                0x0000000008000220                __aeabi_uldivmod
 .text          0x0000000008000250      0x2d0 /opt/homebrew/Cellar/arm-none-eabi-gcc/10.3-2021.07/gcc/bin/../lib/gcc/arm-none-eabi/10.3.1/thumb/v7e-m+fp/hard/libgcc.a(_udivmoddi4.o)
                0x0000000008000250                __udivmoddi4
 .text          0x0000000008000520        0x4 /opt/homebrew/Cellar/arm-none-eabi-gcc/10.3-2021.07/gcc/bin/../lib/gcc/arm-none-eabi/10.3.1/thumb/v7e-m+fp/hard/libgcc.a(_dvmd_tls.o)
                0x0000000008000520                __aeabi_ldiv0
                0x0000000008000520                __aeabi_idiv0
 *(.text*)
 .text.serialInit
                0x0000000008000524       0x68 build/drv_serial.o
                0x0000000008000524                serialInit
 .text.serialWrite
                0x000000000800058c       0x14 build/drv_serial.o
                0x000000000800058c                serialWrite
 .text.__io_putchar
                0x00000000080005a0        0xe build/drv_serial.o
                0x00000000080005a0                __io_putchar
 *fill*         0x00000000080005ae        0x2 
 .text.MX_GPIO_Init
                0x00000000080005b0       0x20 build/main.o
 .text.MPU_Config
                0x00000000080005d0       0x52 build/main.o
 *fill*         0x0000000008000622        0x2 
 .text.taskA    0x0000000008000624       0x10 build/main.o
                0x0000000008000624                taskA
 .text.taskB    0x0000000008000634       0x10 build/main.o
                0x0000000008000634                taskB
 .text.taskC    0x0000000008000644       0x10 build/main.o
                0x0000000008000644                taskC
 .text.taskD    0x0000000008000654       0x10 build/main.o
                0x0000000008000654                taskD
 .text.Error_Handler
                0x0000000008000664        0x4 build/main.o
                0x0000000008000664                Error_Handler
 .text.SystemClock_Config
                0x0000000008000668       0xa8 build/main.o
                0x0000000008000668                SystemClock_Config
 .text.main     0x0000000008000710       0x8c build/main.o
                0x0000000008000710                main
 .text.runAllTasksInLoop
                0x000000000800079c       0x30 build/scheduler.o
 .text.addTaskToLoop
                0x00000000080007cc       0x28 build/scheduler.o
                0x00000000080007cc                addTaskToLoop
 .text.run      0x00000000080007f4       0x50 build/scheduler.o
                0x00000000080007f4                run
 .text.HAL_MspInit
                0x0000000008000844       0x30 build/stm32f7xx_hal_msp.o
                0x0000000008000844                HAL_MspInit
 .text.NMI_Handler
                0x0000000008000874        0x2 build/stm32f7xx_it.o
                0x0000000008000874                NMI_Handler
 .text.HardFault_Handler
                0x0000000008000876        0x2 build/stm32f7xx_it.o
                0x0000000008000876                HardFault_Handler
 .text.MemManage_Handler
                0x0000000008000878        0x2 build/stm32f7xx_it.o
                0x0000000008000878                MemManage_Handler
 .text.BusFault_Handler
                0x000000000800087a        0x2 build/stm32f7xx_it.o
                0x000000000800087a                BusFault_Handler
 .text.UsageFault_Handler
                0x000000000800087c        0x2 build/stm32f7xx_it.o
                0x000000000800087c                UsageFault_Handler
 .text.SVC_Handler
                0x000000000800087e        0x2 build/stm32f7xx_it.o
                0x000000000800087e                SVC_Handler
 .text.DebugMon_Handler
                0x0000000008000880        0x2 build/stm32f7xx_it.o
                0x0000000008000880                DebugMon_Handler
 .text.PendSV_Handler
                0x0000000008000882        0x2 build/stm32f7xx_it.o
                0x0000000008000882                PendSV_Handler
 .text.SysTick_Handler
                0x0000000008000884      0x104 build/stm32f7xx_it.o
                0x0000000008000884                SysTick_Handler
 .text._read    0x0000000008000988       0x20 build/syscalls.o
                0x0000000008000988                _read
 .text._write   0x00000000080009a8       0x1c build/syscalls.o
                0x00000000080009a8                _write
 .text._close   0x00000000080009c4        0x6 build/syscalls.o
                0x00000000080009c4                _close
 .text._fstat   0x00000000080009ca        0xa build/syscalls.o
                0x00000000080009ca                _fstat
 .text._isatty  0x00000000080009d4        0x4 build/syscalls.o
                0x00000000080009d4                _isatty
 .text._lseek   0x00000000080009d8        0x4 build/syscalls.o
                0x00000000080009d8                _lseek
 .text.SystemInit
                0x00000000080009dc       0x14 build/system_stm32f7xx.o
                0x00000000080009dc                SystemInit
 .text.HAL_InitTick
                0x00000000080009f0       0x4c build/stm32f7xx_hal.o
                0x00000000080009f0                HAL_InitTick
 .text.HAL_Init
                0x0000000008000a3c       0x16 build/stm32f7xx_hal.o
                0x0000000008000a3c                HAL_Init
 *fill*         0x0000000008000a52        0x2 
 .text.HAL_GetTick
                0x0000000008000a54        0xc build/stm32f7xx_hal.o
                0x0000000008000a54                HAL_GetTick
 .text.HAL_NVIC_SetPriorityGrouping
                0x0000000008000a60       0x24 build/stm32f7xx_hal_cortex.o
                0x0000000008000a60                HAL_NVIC_SetPriorityGrouping
 .text.HAL_NVIC_SetPriority
                0x0000000008000a84       0x6c build/stm32f7xx_hal_cortex.o
                0x0000000008000a84                HAL_NVIC_SetPriority
 .text.HAL_SYSTICK_Config
                0x0000000008000af0       0x28 build/stm32f7xx_hal_cortex.o
                0x0000000008000af0                HAL_SYSTICK_Config
 .text.HAL_MPU_Disable
                0x0000000008000b18       0x1c build/stm32f7xx_hal_cortex.o
                0x0000000008000b18                HAL_MPU_Disable
 .text.HAL_MPU_Enable
                0x0000000008000b34       0x20 build/stm32f7xx_hal_cortex.o
                0x0000000008000b34                HAL_MPU_Enable
 .text.HAL_MPU_ConfigRegion
                0x0000000008000b54       0x60 build/stm32f7xx_hal_cortex.o
                0x0000000008000b54                HAL_MPU_ConfigRegion
 .text.HAL_PWREx_EnableOverDrive
                0x0000000008000bb4       0x7c build/stm32f7xx_hal_pwr_ex.o
                0x0000000008000bb4                HAL_PWREx_EnableOverDrive
 .text.HAL_RCC_OscConfig
                0x0000000008000c30      0x434 build/stm32f7xx_hal_rcc.o
                0x0000000008000c30                HAL_RCC_OscConfig
 .text.HAL_RCC_GetSysClockFreq
                0x0000000008001064       0xd4 build/stm32f7xx_hal_rcc.o
                0x0000000008001064                HAL_RCC_GetSysClockFreq
 .text.HAL_RCC_ClockConfig
                0x0000000008001138      0x16c build/stm32f7xx_hal_rcc.o
                0x0000000008001138                HAL_RCC_ClockConfig
 .text.Reset_Handler
                0x00000000080012a4       0x50 build/startup_stm32f722xx.o
                0x00000000080012a4                Reset_Handler
 .text.Default_Handler
                0x00000000080012f4        0x2 build/startup_stm32f722xx.o
                0x00000000080012f4                DMA1_Stream3_IRQHandler
                0x00000000080012f4                EXTI2_IRQHandler
                0x00000000080012f4                TIM8_CC_IRQHandler
                0x00000000080012f4                UART8_IRQHandler
                0x00000000080012f4                SPI4_IRQHandler
                0x00000000080012f4                TIM1_CC_IRQHandler
                0x00000000080012f4                DMA2_Stream5_IRQHandler
                0x00000000080012f4                DMA1_Stream5_IRQHandler
                0x00000000080012f4                PVD_IRQHandler
                0x00000000080012f4                TAMP_STAMP_IRQHandler
                0x00000000080012f4                EXTI3_IRQHandler
                0x00000000080012f4                TIM8_TRG_COM_TIM14_IRQHandler
                0x00000000080012f4                TIM1_UP_TIM10_IRQHandler
                0x00000000080012f4                TIM8_UP_TIM13_IRQHandler
                0x00000000080012f4                I2C3_ER_IRQHandler
                0x00000000080012f4                EXTI0_IRQHandler
                0x00000000080012f4                I2C2_EV_IRQHandler
                0x00000000080012f4                DMA1_Stream2_IRQHandler
                0x00000000080012f4                CAN1_RX0_IRQHandler
                0x00000000080012f4                FPU_IRQHandler
                0x00000000080012f4                OTG_HS_WKUP_IRQHandler
                0x00000000080012f4                DMA2_Stream2_IRQHandler
                0x00000000080012f4                SPI1_IRQHandler
                0x00000000080012f4                TIM6_DAC_IRQHandler
                0x00000000080012f4                TIM1_BRK_TIM9_IRQHandler
                0x00000000080012f4                DMA2_Stream3_IRQHandler
                0x00000000080012f4                SAI2_IRQHandler
                0x00000000080012f4                USART6_IRQHandler
                0x00000000080012f4                USART3_IRQHandler
                0x00000000080012f4                CAN1_RX1_IRQHandler
                0x00000000080012f4                UART5_IRQHandler
                0x00000000080012f4                DMA2_Stream0_IRQHandler
                0x00000000080012f4                TIM4_IRQHandler
                0x00000000080012f4                QUADSPI_IRQHandler
                0x00000000080012f4                I2C1_EV_IRQHandler
                0x00000000080012f4                DMA1_Stream6_IRQHandler
                0x00000000080012f4                DMA1_Stream1_IRQHandler
                0x00000000080012f4                UART4_IRQHandler
                0x00000000080012f4                TIM3_IRQHandler
                0x00000000080012f4                RCC_IRQHandler
                0x00000000080012f4                TIM8_BRK_TIM12_IRQHandler
                0x00000000080012f4                Default_Handler
                0x00000000080012f4                EXTI15_10_IRQHandler
                0x00000000080012f4                ADC_IRQHandler
                0x00000000080012f4                DMA1_Stream7_IRQHandler
                0x00000000080012f4                SPI5_IRQHandler
                0x00000000080012f4                TIM7_IRQHandler
                0x00000000080012f4                SDMMC1_IRQHandler
                0x00000000080012f4                TIM5_IRQHandler
                0x00000000080012f4                DMA2_Stream7_IRQHandler
                0x00000000080012f4                I2C3_EV_IRQHandler
                0x00000000080012f4                EXTI9_5_IRQHandler
                0x00000000080012f4                RTC_WKUP_IRQHandler
                0x00000000080012f4                SPI2_IRQHandler
                0x00000000080012f4                OTG_HS_EP1_IN_IRQHandler
                0x00000000080012f4                DMA1_Stream0_IRQHandler
                0x00000000080012f4                CAN1_TX_IRQHandler
                0x00000000080012f4                EXTI4_IRQHandler
                0x00000000080012f4                RNG_IRQHandler
                0x00000000080012f4                OTG_HS_EP1_OUT_IRQHandler
                0x00000000080012f4                WWDG_IRQHandler
                0x00000000080012f4                TIM2_IRQHandler
                0x00000000080012f4                OTG_FS_WKUP_IRQHandler
                0x00000000080012f4                TIM1_TRG_COM_TIM11_IRQHandler
                0x00000000080012f4                OTG_HS_IRQHandler
                0x00000000080012f4                EXTI1_IRQHandler
                0x00000000080012f4                SDMMC2_IRQHandler
                0x00000000080012f4                UART7_IRQHandler
                0x00000000080012f4                USART2_IRQHandler
                0x00000000080012f4                I2C2_ER_IRQHandler
                0x00000000080012f4                DMA2_Stream1_IRQHandler
                0x00000000080012f4                CAN1_SCE_IRQHandler
                0x00000000080012f4                FLASH_IRQHandler
                0x00000000080012f4                DMA2_Stream4_IRQHandler
                0x00000000080012f4                USART1_IRQHandler
                0x00000000080012f4                OTG_FS_IRQHandler
                0x00000000080012f4                SPI3_IRQHandler
                0x00000000080012f4                DMA1_Stream4_IRQHandler
                0x00000000080012f4                I2C1_ER_IRQHandler
                0x00000000080012f4                FMC_IRQHandler
                0x00000000080012f4                LPTIM1_IRQHandler
                0x00000000080012f4                DMA2_Stream6_IRQHandler
                0x00000000080012f4                SAI1_IRQHandler
                0x00000000080012f4                RTC_Alarm_IRQHandler
 *fill*         0x00000000080012f6        0x2 
 .text.__libc_init_array
                0x00000000080012f8       0x48 /opt/homebrew/Cellar/arm-none-eabi-gcc/10.3-2021.07/gcc/bin/../lib/gcc/arm-none-eabi/10.3.1/../../../../arm-none-eabi/lib/thumb/v7e-m+fp/hard/libc_nano.a(lib_a-init.o)
                0x00000000080012f8                __libc_init_array
 .text.memset   0x0000000008001340       0x10 /opt/homebrew/Cellar/arm-none-eabi-gcc/10.3-2021.07/gcc/bin/../lib/gcc/arm-none-eabi/10.3.1/../../../../arm-none-eabi/lib/thumb/v7e-m+fp/hard/libc_nano.a(lib_a-memset.o)
                0x0000000008001340                memset
 .text._puts_r  0x0000000008001350       0xdc /opt/homebrew/Cellar/arm-none-eabi-gcc/10.3-2021.07/gcc/bin/../lib/gcc/arm-none-eabi/10.3.1/../../../../arm-none-eabi/lib/thumb/v7e-m+fp/hard/libc_nano.a(lib_a-puts.o)
                0x0000000008001350                _puts_r
 .text.puts     0x000000000800142c       0x10 /opt/homebrew/Cellar/arm-none-eabi-gcc/10.3-2021.07/gcc/bin/../lib/gcc/arm-none-eabi/10.3.1/../../../../arm-none-eabi/lib/thumb/v7e-m+fp/hard/libc_nano.a(lib_a-puts.o)
                0x000000000800142c                puts
 .text.__swbuf_r
                0x000000000800143c       0xa4 /opt/homebrew/Cellar/arm-none-eabi-gcc/10.3-2021.07/gcc/bin/../lib/gcc/arm-none-eabi/10.3.1/../../../../arm-none-eabi/lib/thumb/v7e-m+fp/hard/libc_nano.a(lib_a-wbuf.o)
                0x000000000800143c                __swbuf_r
 .text.__swsetup_r
                0x00000000080014e0       0xdc /opt/homebrew/Cellar/arm-none-eabi-gcc/10.3-2021.07/gcc/bin/../lib/gcc/arm-none-eabi/10.3.1/../../../../arm-none-eabi/lib/thumb/v7e-m+fp/hard/libc_nano.a(lib_a-wsetup.o)
                0x00000000080014e0                __swsetup_r
 .text.__sflush_r
                0x00000000080015bc      0x10c /opt/homebrew/Cellar/arm-none-eabi-gcc/10.3-2021.07/gcc/bin/../lib/gcc/arm-none-eabi/10.3.1/../../../../arm-none-eabi/lib/thumb/v7e-m+fp/hard/libc_nano.a(lib_a-fflush.o)
                0x00000000080015bc                __sflush_r
 .text._fflush_r
                0x00000000080016c8       0x78 /opt/homebrew/Cellar/arm-none-eabi-gcc/10.3-2021.07/gcc/bin/../lib/gcc/arm-none-eabi/10.3.1/../../../../arm-none-eabi/lib/thumb/v7e-m+fp/hard/libc_nano.a(lib_a-fflush.o)
                0x00000000080016c8                _fflush_r
 .text.std      0x0000000008001740       0x48 /opt/homebrew/Cellar/arm-none-eabi-gcc/10.3-2021.07/gcc/bin/../lib/gcc/arm-none-eabi/10.3.1/../../../../arm-none-eabi/lib/thumb/v7e-m+fp/hard/libc_nano.a(lib_a-findfp.o)
 .text._cleanup_r
                0x0000000008001788        0xc /opt/homebrew/Cellar/arm-none-eabi-gcc/10.3-2021.07/gcc/bin/../lib/gcc/arm-none-eabi/10.3.1/../../../../arm-none-eabi/lib/thumb/v7e-m+fp/hard/libc_nano.a(lib_a-findfp.o)
                0x0000000008001788                _cleanup_r
 .text.__sfmoreglue
                0x0000000008001794       0x2c /opt/homebrew/Cellar/arm-none-eabi-gcc/10.3-2021.07/gcc/bin/../lib/gcc/arm-none-eabi/10.3.1/../../../../arm-none-eabi/lib/thumb/v7e-m+fp/hard/libc_nano.a(lib_a-findfp.o)
                0x0000000008001794                __sfmoreglue
 .text.__sfp_lock_acquire
                0x00000000080017c0        0xc /opt/homebrew/Cellar/arm-none-eabi-gcc/10.3-2021.07/gcc/bin/../lib/gcc/arm-none-eabi/10.3.1/../../../../arm-none-eabi/lib/thumb/v7e-m+fp/hard/libc_nano.a(lib_a-findfp.o)
                0x00000000080017c0                __sfp_lock_acquire
 .text.__sfp_lock_release
                0x00000000080017cc        0xc /opt/homebrew/Cellar/arm-none-eabi-gcc/10.3-2021.07/gcc/bin/../lib/gcc/arm-none-eabi/10.3.1/../../../../arm-none-eabi/lib/thumb/v7e-m+fp/hard/libc_nano.a(lib_a-findfp.o)
                0x00000000080017cc                __sfp_lock_release
 .text.__sinit_lock_acquire
                0x00000000080017d8        0xc /opt/homebrew/Cellar/arm-none-eabi-gcc/10.3-2021.07/gcc/bin/../lib/gcc/arm-none-eabi/10.3.1/../../../../arm-none-eabi/lib/thumb/v7e-m+fp/hard/libc_nano.a(lib_a-findfp.o)
                0x00000000080017d8                __sinit_lock_acquire
 .text.__sinit_lock_release
                0x00000000080017e4        0xc /opt/homebrew/Cellar/arm-none-eabi-gcc/10.3-2021.07/gcc/bin/../lib/gcc/arm-none-eabi/10.3.1/../../../../arm-none-eabi/lib/thumb/v7e-m+fp/hard/libc_nano.a(lib_a-findfp.o)
                0x00000000080017e4                __sinit_lock_release
 .text.__sinit  0x00000000080017f0       0x70 /opt/homebrew/Cellar/arm-none-eabi-gcc/10.3-2021.07/gcc/bin/../lib/gcc/arm-none-eabi/10.3.1/../../../../arm-none-eabi/lib/thumb/v7e-m+fp/hard/libc_nano.a(lib_a-findfp.o)
                0x00000000080017f0                __sinit
 .text.__sfp    0x0000000008001860       0x8c /opt/homebrew/Cellar/arm-none-eabi-gcc/10.3-2021.07/gcc/bin/../lib/gcc/arm-none-eabi/10.3.1/../../../../arm-none-eabi/lib/thumb/v7e-m+fp/hard/libc_nano.a(lib_a-findfp.o)
                0x0000000008001860                __sfp
 .text._fwalk_reent
                0x00000000080018ec       0x3e /opt/homebrew/Cellar/arm-none-eabi-gcc/10.3-2021.07/gcc/bin/../lib/gcc/arm-none-eabi/10.3.1/../../../../arm-none-eabi/lib/thumb/v7e-m+fp/hard/libc_nano.a(lib_a-fwalk.o)
                0x00000000080018ec                _fwalk_reent
 .text.__retarget_lock_init_recursive
                0x000000000800192a        0x2 /opt/homebrew/Cellar/arm-none-eabi-gcc/10.3-2021.07/gcc/bin/../lib/gcc/arm-none-eabi/10.3.1/../../../../arm-none-eabi/lib/thumb/v7e-m+fp/hard/libc_nano.a(lib_a-lock.o)
                0x000000000800192a                __retarget_lock_init_recursive
 .text.__retarget_lock_acquire_recursive
                0x000000000800192c        0x2 /opt/homebrew/Cellar/arm-none-eabi-gcc/10.3-2021.07/gcc/bin/../lib/gcc/arm-none-eabi/10.3.1/../../../../arm-none-eabi/lib/thumb/v7e-m+fp/hard/libc_nano.a(lib_a-lock.o)
                0x000000000800192c                __retarget_lock_acquire_recursive
 .text.__retarget_lock_release_recursive
                0x000000000800192e        0x2 /opt/homebrew/Cellar/arm-none-eabi-gcc/10.3-2021.07/gcc/bin/../lib/gcc/arm-none-eabi/10.3.1/../../../../arm-none-eabi/lib/thumb/v7e-m+fp/hard/libc_nano.a(lib_a-lock.o)
                0x000000000800192e                __retarget_lock_release_recursive
 .text.__swhatbuf_r
                0x0000000008001930       0x4a /opt/homebrew/Cellar/arm-none-eabi-gcc/10.3-2021.07/gcc/bin/../lib/gcc/arm-none-eabi/10.3.1/../../../../arm-none-eabi/lib/thumb/v7e-m+fp/hard/libc_nano.a(lib_a-makebuf.o)
                0x0000000008001930                __swhatbuf_r
 *fill*         0x000000000800197a        0x2 
 .text.__smakebuf_r
                0x000000000800197c       0x80 /opt/homebrew/Cellar/arm-none-eabi-gcc/10.3-2021.07/gcc/bin/../lib/gcc/arm-none-eabi/10.3.1/../../../../arm-none-eabi/lib/thumb/v7e-m+fp/hard/libc_nano.a(lib_a-makebuf.o)
                0x000000000800197c                __smakebuf_r
 .text._free_r  0x00000000080019fc       0x98 /opt/homebrew/Cellar/arm-none-eabi-gcc/10.3-2021.07/gcc/bin/../lib/gcc/arm-none-eabi/10.3.1/../../../../arm-none-eabi/lib/thumb/v7e-m+fp/hard/libc_nano.a(lib_a-nano-freer.o)
                0x00000000080019fc                _free_r
 .text.sbrk_aligned
                0x0000000008001a94       0x40 /opt/homebrew/Cellar/arm-none-eabi-gcc/10.3-2021.07/gcc/bin/../lib/gcc/arm-none-eabi/10.3.1/../../../../arm-none-eabi/lib/thumb/v7e-m+fp/hard/libc_nano.a(lib_a-nano-mallocr.o)
 .text._malloc_r
                0x0000000008001ad4       0xe8 /opt/homebrew/Cellar/arm-none-eabi-gcc/10.3-2021.07/gcc/bin/../lib/gcc/arm-none-eabi/10.3.1/../../../../arm-none-eabi/lib/thumb/v7e-m+fp/hard/libc_nano.a(lib_a-nano-mallocr.o)
                0x0000000008001ad4                _malloc_r
 .text._sbrk_r  0x0000000008001bbc       0x20 /opt/homebrew/Cellar/arm-none-eabi-gcc/10.3-2021.07/gcc/bin/../lib/gcc/arm-none-eabi/10.3.1/../../../../arm-none-eabi/lib/thumb/v7e-m+fp/hard/libc_nano.a(lib_a-sbrkr.o)
                0x0000000008001bbc                _sbrk_r
 .text.__sread  0x0000000008001bdc       0x22 /opt/homebrew/Cellar/arm-none-eabi-gcc/10.3-2021.07/gcc/bin/../lib/gcc/arm-none-eabi/10.3.1/../../../../arm-none-eabi/lib/thumb/v7e-m+fp/hard/libc_nano.a(lib_a-stdio.o)
                0x0000000008001bdc                __sread
 .text.__swrite
                0x0000000008001bfe       0x38 /opt/homebrew/Cellar/arm-none-eabi-gcc/10.3-2021.07/gcc/bin/../lib/gcc/arm-none-eabi/10.3.1/../../../../arm-none-eabi/lib/thumb/v7e-m+fp/hard/libc_nano.a(lib_a-stdio.o)
                0x0000000008001bfe                __swrite
 .text.__sseek  0x0000000008001c36       0x24 /opt/homebrew/Cellar/arm-none-eabi-gcc/10.3-2021.07/gcc/bin/../lib/gcc/arm-none-eabi/10.3.1/../../../../arm-none-eabi/lib/thumb/v7e-m+fp/hard/libc_nano.a(lib_a-stdio.o)
                0x0000000008001c36                __sseek
 .text.__sclose
                0x0000000008001c5a        0x8 /opt/homebrew/Cellar/arm-none-eabi-gcc/10.3-2021.07/gcc/bin/../lib/gcc/arm-none-eabi/10.3.1/../../../../arm-none-eabi/lib/thumb/v7e-m+fp/hard/libc_nano.a(lib_a-stdio.o)
                0x0000000008001c5a                __sclose
 *fill*         0x0000000008001c62        0x2 
 .text._write_r
                0x0000000008001c64       0x24 /opt/homebrew/Cellar/arm-none-eabi-gcc/10.3-2021.07/gcc/bin/../lib/gcc/arm-none-eabi/10.3.1/../../../../arm-none-eabi/lib/thumb/v7e-m+fp/hard/libc_nano.a(lib_a-writer.o)
                0x0000000008001c64                _write_r
 .text._close_r
                0x0000000008001c88       0x20 /opt/homebrew/Cellar/arm-none-eabi-gcc/10.3-2021.07/gcc/bin/../lib/gcc/arm-none-eabi/10.3.1/../../../../arm-none-eabi/lib/thumb/v7e-m+fp/hard/libc_nano.a(lib_a-closer.o)
                0x0000000008001c88                _close_r
 .text._fstat_r
                0x0000000008001ca8       0x24 /opt/homebrew/Cellar/arm-none-eabi-gcc/10.3-2021.07/gcc/bin/../lib/gcc/arm-none-eabi/10.3.1/../../../../arm-none-eabi/lib/thumb/v7e-m+fp/hard/libc_nano.a(lib_a-fstatr.o)
                0x0000000008001ca8                _fstat_r
 .text._isatty_r
                0x0000000008001ccc       0x20 /opt/homebrew/Cellar/arm-none-eabi-gcc/10.3-2021.07/gcc/bin/../lib/gcc/arm-none-eabi/10.3.1/../../../../arm-none-eabi/lib/thumb/v7e-m+fp/hard/libc_nano.a(lib_a-isattyr.o)
                0x0000000008001ccc                _isatty_r
 .text._lseek_r
                0x0000000008001cec       0x24 /opt/homebrew/Cellar/arm-none-eabi-gcc/10.3-2021.07/gcc/bin/../lib/gcc/arm-none-eabi/10.3.1/../../../../arm-none-eabi/lib/thumb/v7e-m+fp/hard/libc_nano.a(lib_a-lseekr.o)
                0x0000000008001cec                _lseek_r
 .text.__malloc_lock
                0x0000000008001d10        0xc /opt/homebrew/Cellar/arm-none-eabi-gcc/10.3-2021.07/gcc/bin/../lib/gcc/arm-none-eabi/10.3.1/../../../../arm-none-eabi/lib/thumb/v7e-m+fp/hard/libc_nano.a(lib_a-mlock.o)
                0x0000000008001d10                __malloc_lock
 .text.__malloc_unlock
                0x0000000008001d1c        0xc /opt/homebrew/Cellar/arm-none-eabi-gcc/10.3-2021.07/gcc/bin/../lib/gcc/arm-none-eabi/10.3.1/../../../../arm-none-eabi/lib/thumb/v7e-m+fp/hard/libc_nano.a(lib_a-mlock.o)
                0x0000000008001d1c                __malloc_unlock
 .text._read_r  0x0000000008001d28       0x24 /opt/homebrew/Cellar/arm-none-eabi-gcc/10.3-2021.07/gcc/bin/../lib/gcc/arm-none-eabi/10.3.1/../../../../arm-none-eabi/lib/thumb/v7e-m+fp/hard/libc_nano.a(lib_a-readr.o)
                0x0000000008001d28                _read_r
 .text._sbrk    0x0000000008001d4c       0x1c /opt/homebrew/Cellar/arm-none-eabi-gcc/10.3-2021.07/gcc/bin/../lib/gcc/arm-none-eabi/10.3.1/../../../../arm-none-eabi/lib/thumb/v7e-m+fp/hard/libnosys.a(sbrk.o)
                0x0000000008001d4c                _sbrk
 *(.glue_7)
 .glue_7        0x0000000008001d68        0x0 linker stubs
 *(.glue_7t)
 .glue_7t       0x0000000008001d68        0x0 linker stubs
 *(.eh_frame)
 .eh_frame      0x0000000008001d68        0x0 /opt/homebrew/Cellar/arm-none-eabi-gcc/10.3-2021.07/gcc/bin/../lib/gcc/arm-none-eabi/10.3.1/thumb/v7e-m+fp/hard/crtbegin.o
 *(.init)
 .init          0x0000000008001d68        0x4 /opt/homebrew/Cellar/arm-none-eabi-gcc/10.3-2021.07/gcc/bin/../lib/gcc/arm-none-eabi/10.3.1/thumb/v7e-m+fp/hard/crti.o
                0x0000000008001d68                _init
 .init          0x0000000008001d6c        0x8 /opt/homebrew/Cellar/arm-none-eabi-gcc/10.3-2021.07/gcc/bin/../lib/gcc/arm-none-eabi/10.3.1/thumb/v7e-m+fp/hard/crtn.o
 *(.fini)
 .fini          0x0000000008001d74        0x4 /opt/homebrew/Cellar/arm-none-eabi-gcc/10.3-2021.07/gcc/bin/../lib/gcc/arm-none-eabi/10.3.1/thumb/v7e-m+fp/hard/crti.o
                0x0000000008001d74                _fini
 .fini          0x0000000008001d78        0x8 /opt/homebrew/Cellar/arm-none-eabi-gcc/10.3-2021.07/gcc/bin/../lib/gcc/arm-none-eabi/10.3.1/thumb/v7e-m+fp/hard/crtn.o
                0x0000000008001d80                . = ALIGN (0x4)
                0x0000000008001d80                _etext = .

.vfp11_veneer   0x0000000008001d80        0x0
 .vfp11_veneer  0x0000000008001d80        0x0 linker stubs

.v4_bx          0x0000000008001d80        0x0
 .v4_bx         0x0000000008001d80        0x0 linker stubs

.iplt           0x0000000008001d80        0x0
 .iplt          0x0000000008001d80        0x0 /opt/homebrew/Cellar/arm-none-eabi-gcc/10.3-2021.07/gcc/bin/../lib/gcc/arm-none-eabi/10.3.1/thumb/v7e-m+fp/hard/crtbegin.o

.rodata         0x0000000008001d80       0x94
                0x0000000008001d80                . = ALIGN (0x4)
 *(.rodata)
 *(.rodata*)
 .rodata.taskA.str1.4
                0x0000000008001d80        0x0 build/main.o
                                          0x2 (size before relaxing)
 .rodata.taskB.str1.4
                0x0000000008001d80        0x6 build/main.o
 *fill*         0x0000000008001d86        0x2 
 .rodata.taskC.str1.4
                0x0000000008001d88        0xb build/main.o
 *fill*         0x0000000008001d93        0x1 
 .rodata.taskD.str1.4
                0x0000000008001d94        0xa build/main.o
 *fill*         0x0000000008001d9e        0x2 
 .rodata.AHBPrescTable
                0x0000000008001da0       0x10 build/system_stm32f7xx.o
                0x0000000008001da0                AHBPrescTable
 .rodata._global_impure_ptr
                0x0000000008001db0        0x4 /opt/homebrew/Cellar/arm-none-eabi-gcc/10.3-2021.07/gcc/bin/../lib/gcc/arm-none-eabi/10.3.1/../../../../arm-none-eabi/lib/thumb/v7e-m+fp/hard/libc_nano.a(lib_a-impure.o)
                0x0000000008001db0                _global_impure_ptr
 .rodata.__sf_fake_stderr
                0x0000000008001db4       0x20 /opt/homebrew/Cellar/arm-none-eabi-gcc/10.3-2021.07/gcc/bin/../lib/gcc/arm-none-eabi/10.3.1/../../../../arm-none-eabi/lib/thumb/v7e-m+fp/hard/libc_nano.a(lib_a-findfp.o)
                0x0000000008001db4                __sf_fake_stderr
 .rodata.__sf_fake_stdin
                0x0000000008001dd4       0x20 /opt/homebrew/Cellar/arm-none-eabi-gcc/10.3-2021.07/gcc/bin/../lib/gcc/arm-none-eabi/10.3.1/../../../../arm-none-eabi/lib/thumb/v7e-m+fp/hard/libc_nano.a(lib_a-findfp.o)
                0x0000000008001dd4                __sf_fake_stdin
 .rodata.__sf_fake_stdout
                0x0000000008001df4       0x20 /opt/homebrew/Cellar/arm-none-eabi-gcc/10.3-2021.07/gcc/bin/../lib/gcc/arm-none-eabi/10.3.1/../../../../arm-none-eabi/lib/thumb/v7e-m+fp/hard/libc_nano.a(lib_a-findfp.o)
                0x0000000008001df4                __sf_fake_stdout
                0x0000000008001e14                . = ALIGN (0x4)

.ARM.extab
 *(.ARM.extab* .gnu.linkonce.armextab.*)

.ARM            0x0000000008001e14        0x8
                0x0000000008001e14                __exidx_start = .
 *(.ARM.exidx*)
 .ARM.exidx     0x0000000008001e14        0x8 /opt/homebrew/Cellar/arm-none-eabi-gcc/10.3-2021.07/gcc/bin/../lib/gcc/arm-none-eabi/10.3.1/thumb/v7e-m+fp/hard/libgcc.a(_udivmoddi4.o)
                0x0000000008001e1c                __exidx_end = .

.rel.dyn        0x0000000008001e1c        0x0
 .rel.iplt      0x0000000008001e1c        0x0 /opt/homebrew/Cellar/arm-none-eabi-gcc/10.3-2021.07/gcc/bin/../lib/gcc/arm-none-eabi/10.3.1/thumb/v7e-m+fp/hard/crtbegin.o

.preinit_array  0x0000000008001e1c        0x0
                0x0000000008001e1c                PROVIDE (__preinit_array_start = .)
 *(.preinit_array*)
                0x0000000008001e1c                PROVIDE (__preinit_array_end = .)

.init_array     0x0000000008001e1c        0x4
                0x0000000008001e1c                PROVIDE (__init_array_start = .)
 *(SORT_BY_NAME(.init_array.*))
 *(.init_array*)
 .init_array    0x0000000008001e1c        0x4 /opt/homebrew/Cellar/arm-none-eabi-gcc/10.3-2021.07/gcc/bin/../lib/gcc/arm-none-eabi/10.3.1/thumb/v7e-m+fp/hard/crtbegin.o
                0x0000000008001e20                PROVIDE (__init_array_end = .)

.fini_array     0x0000000008001e20        0x4
                [!provide]                        PROVIDE (__fini_array_start = .)
 *(SORT_BY_NAME(.fini_array.*))
 *(.fini_array*)
 .fini_array    0x0000000008001e20        0x4 /opt/homebrew/Cellar/arm-none-eabi-gcc/10.3-2021.07/gcc/bin/../lib/gcc/arm-none-eabi/10.3.1/thumb/v7e-m+fp/hard/crtbegin.o
                [!provide]                        PROVIDE (__fini_array_end = .)
                0x0000000008001e24                _sidata = LOADADDR (.data)

.data           0x0000000020000000       0x70 load address 0x0000000008001e24
                0x0000000020000000                . = ALIGN (0x4)
                0x0000000020000000                _sdata = .
 *(.data)
 *(.data*)
 .data.SystemCoreClock
                0x0000000020000000        0x4 build/system_stm32f7xx.o
                0x0000000020000000                SystemCoreClock
 .data.uwTickFreq
                0x0000000020000004        0x1 build/stm32f7xx_hal.o
                0x0000000020000004                uwTickFreq
 *fill*         0x0000000020000005        0x3 
 .data.uwTickPrio
                0x0000000020000008        0x4 build/stm32f7xx_hal.o
                0x0000000020000008                uwTickPrio
 .data._impure_ptr
                0x000000002000000c        0x4 /opt/homebrew/Cellar/arm-none-eabi-gcc/10.3-2021.07/gcc/bin/../lib/gcc/arm-none-eabi/10.3.1/../../../../arm-none-eabi/lib/thumb/v7e-m+fp/hard/libc_nano.a(lib_a-impure.o)
                0x000000002000000c                _impure_ptr
 .data.impure_data
                0x0000000020000010       0x60 /opt/homebrew/Cellar/arm-none-eabi-gcc/10.3-2021.07/gcc/bin/../lib/gcc/arm-none-eabi/10.3.1/../../../../arm-none-eabi/lib/thumb/v7e-m+fp/hard/libc_nano.a(lib_a-impure.o)
                0x0000000020000070                . = ALIGN (0x4)
                0x0000000020000070                _edata = .

.igot.plt       0x0000000020000070        0x0 load address 0x0000000008001e94
 .igot.plt      0x0000000020000070        0x0 /opt/homebrew/Cellar/arm-none-eabi-gcc/10.3-2021.07/gcc/bin/../lib/gcc/arm-none-eabi/10.3.1/thumb/v7e-m+fp/hard/crtbegin.o
                0x0000000020000070                . = ALIGN (0x4)

.bss            0x0000000020000070     0x205c load address 0x0000000008001e94
                0x0000000020000070                _sbss = .
                0x0000000020000070                __bss_start__ = _sbss
 *(.bss)
 .bss           0x0000000020000070       0x1c /opt/homebrew/Cellar/arm-none-eabi-gcc/10.3-2021.07/gcc/bin/../lib/gcc/arm-none-eabi/10.3.1/thumb/v7e-m+fp/hard/crtbegin.o
 *(.bss*)
 .bss.loops     0x000000002000008c     0x2020 build/scheduler.o
                0x000000002000008c                loops
 .bss.flag      0x00000000200020ac        0x1 build/stm32f7xx_it.o
                0x00000000200020ac                flag
 *fill*         0x00000000200020ad        0x1 
 .bss.globalTick
                0x00000000200020ae        0x2 build/stm32f7xx_it.o
                0x00000000200020ae                globalTick
 .bss.loopMask  0x00000000200020b0        0x1 build/stm32f7xx_it.o
                0x00000000200020b0                loopMask
 *fill*         0x00000000200020b1        0x3 
 .bss.uwTick    0x00000000200020b4        0x4 build/stm32f7xx_hal.o
                0x00000000200020b4                uwTick
 .bss.__lock___malloc_recursive_mutex
                0x00000000200020b8        0x1 /opt/homebrew/Cellar/arm-none-eabi-gcc/10.3-2021.07/gcc/bin/../lib/gcc/arm-none-eabi/10.3.1/../../../../arm-none-eabi/lib/thumb/v7e-m+fp/hard/libc_nano.a(lib_a-lock.o)
                0x00000000200020b8                __lock___malloc_recursive_mutex
 .bss.__lock___sfp_recursive_mutex
                0x00000000200020b9        0x1 /opt/homebrew/Cellar/arm-none-eabi-gcc/10.3-2021.07/gcc/bin/../lib/gcc/arm-none-eabi/10.3.1/../../../../arm-none-eabi/lib/thumb/v7e-m+fp/hard/libc_nano.a(lib_a-lock.o)
                0x00000000200020b9                __lock___sfp_recursive_mutex
 .bss.__lock___sinit_recursive_mutex
                0x00000000200020ba        0x1 /opt/homebrew/Cellar/arm-none-eabi-gcc/10.3-2021.07/gcc/bin/../lib/gcc/arm-none-eabi/10.3.1/../../../../arm-none-eabi/lib/thumb/v7e-m+fp/hard/libc_nano.a(lib_a-lock.o)
                0x00000000200020ba                __lock___sinit_recursive_mutex
 *fill*         0x00000000200020bb        0x1 
 .bss.__malloc_free_list
                0x00000000200020bc        0x4 /opt/homebrew/Cellar/arm-none-eabi-gcc/10.3-2021.07/gcc/bin/../lib/gcc/arm-none-eabi/10.3.1/../../../../arm-none-eabi/lib/thumb/v7e-m+fp/hard/libc_nano.a(lib_a-nano-mallocr.o)
                0x00000000200020bc                __malloc_free_list
 .bss.__malloc_sbrk_start
                0x00000000200020c0        0x4 /opt/homebrew/Cellar/arm-none-eabi-gcc/10.3-2021.07/gcc/bin/../lib/gcc/arm-none-eabi/10.3.1/../../../../arm-none-eabi/lib/thumb/v7e-m+fp/hard/libc_nano.a(lib_a-nano-mallocr.o)
                0x00000000200020c0                __malloc_sbrk_start
 .bss.errno     0x00000000200020c4        0x4 /opt/homebrew/Cellar/arm-none-eabi-gcc/10.3-2021.07/gcc/bin/../lib/gcc/arm-none-eabi/10.3.1/../../../../arm-none-eabi/lib/thumb/v7e-m+fp/hard/libc_nano.a(lib_a-reent.o)
                0x00000000200020c4                errno
 .bss.heap_end.0
                0x00000000200020c8        0x4 /opt/homebrew/Cellar/arm-none-eabi-gcc/10.3-2021.07/gcc/bin/../lib/gcc/arm-none-eabi/10.3.1/../../../../arm-none-eabi/lib/thumb/v7e-m+fp/hard/libnosys.a(sbrk.o)
 *(COMMON)
                0x00000000200020cc                . = ALIGN (0x4)
                0x00000000200020cc                _ebss = .
                0x00000000200020cc                __bss_end__ = _ebss

._user_heap_stack
                0x00000000200020cc      0x604 load address 0x0000000008001e94
                0x00000000200020d0                . = ALIGN (0x8)
 *fill*         0x00000000200020cc        0x4 
                0x00000000200020d0                PROVIDE (end = .)
                [!provide]                        PROVIDE (_end = .)
                0x00000000200022d0                . = (. + _Min_Heap_Size)
 *fill*         0x00000000200020d0      0x200 
                0x00000000200026d0                . = (. + _Min_Stack_Size)
 *fill*         0x00000000200022d0      0x400 
                0x00000000200026d0                . = ALIGN (0x8)

/DISCARD/
 libc.a(*)
 libm.a(*)
 libgcc.a(*)

.ARM.attributes
                0x0000000000000000       0x30
 *(.ARM.attributes)
 .ARM.attributes
                0x0000000000000000       0x1e /opt/homebrew/Cellar/arm-none-eabi-gcc/10.3-2021.07/gcc/bin/../lib/gcc/arm-none-eabi/10.3.1/thumb/v7e-m+fp/hard/crti.o
 .ARM.attributes
                0x000000000000001e       0x34 /opt/homebrew/Cellar/arm-none-eabi-gcc/10.3-2021.07/gcc/bin/../lib/gcc/arm-none-eabi/10.3.1/thumb/v7e-m+fp/hard/crtbegin.o
 .ARM.attributes
                0x0000000000000052       0x34 build/drv_serial.o
 .ARM.attributes
                0x0000000000000086       0x34 build/main.o
 .ARM.attributes
                0x00000000000000ba       0x34 build/scheduler.o
 .ARM.attributes
                0x00000000000000ee       0x34 build/stm32f7xx_hal_msp.o
 .ARM.attributes
                0x0000000000000122       0x34 build/stm32f7xx_it.o
 .ARM.attributes
                0x0000000000000156       0x34 build/syscalls.o
 .ARM.attributes
                0x000000000000018a       0x34 build/system_stm32f7xx.o
 .ARM.attributes
                0x00000000000001be       0x34 build/stm32f7xx_hal.o
 .ARM.attributes
                0x00000000000001f2       0x34 build/stm32f7xx_hal_cortex.o
 .ARM.attributes
                0x0000000000000226       0x34 build/stm32f7xx_hal_pwr_ex.o
 .ARM.attributes
                0x000000000000025a       0x34 build/stm32f7xx_hal_rcc.o
 .ARM.attributes
                0x000000000000028e       0x21 build/startup_stm32f722xx.o
 .ARM.attributes
                0x00000000000002af       0x32 /opt/homebrew/Cellar/arm-none-eabi-gcc/10.3-2021.07/gcc/bin/../lib/gcc/arm-none-eabi/10.3.1/../../../../arm-none-eabi/lib/thumb/v7e-m+fp/hard/libc_nano.a(lib_a-impure.o)
 .ARM.attributes
                0x00000000000002e1       0x34 /opt/homebrew/Cellar/arm-none-eabi-gcc/10.3-2021.07/gcc/bin/../lib/gcc/arm-none-eabi/10.3.1/../../../../arm-none-eabi/lib/thumb/v7e-m+fp/hard/libc_nano.a(lib_a-init.o)
 .ARM.attributes
                0x0000000000000315       0x34 /opt/homebrew/Cellar/arm-none-eabi-gcc/10.3-2021.07/gcc/bin/../lib/gcc/arm-none-eabi/10.3.1/../../../../arm-none-eabi/lib/thumb/v7e-m+fp/hard/libc_nano.a(lib_a-memset.o)
 .ARM.attributes
                0x0000000000000349       0x34 /opt/homebrew/Cellar/arm-none-eabi-gcc/10.3-2021.07/gcc/bin/../lib/gcc/arm-none-eabi/10.3.1/../../../../arm-none-eabi/lib/thumb/v7e-m+fp/hard/libc_nano.a(lib_a-puts.o)
 .ARM.attributes
                0x000000000000037d       0x34 /opt/homebrew/Cellar/arm-none-eabi-gcc/10.3-2021.07/gcc/bin/../lib/gcc/arm-none-eabi/10.3.1/../../../../arm-none-eabi/lib/thumb/v7e-m+fp/hard/libc_nano.a(lib_a-wbuf.o)
 .ARM.attributes
                0x00000000000003b1       0x34 /opt/homebrew/Cellar/arm-none-eabi-gcc/10.3-2021.07/gcc/bin/../lib/gcc/arm-none-eabi/10.3.1/../../../../arm-none-eabi/lib/thumb/v7e-m+fp/hard/libc_nano.a(lib_a-wsetup.o)
 .ARM.attributes
                0x00000000000003e5       0x34 /opt/homebrew/Cellar/arm-none-eabi-gcc/10.3-2021.07/gcc/bin/../lib/gcc/arm-none-eabi/10.3.1/../../../../arm-none-eabi/lib/thumb/v7e-m+fp/hard/libc_nano.a(lib_a-fflush.o)
 .ARM.attributes
                0x0000000000000419       0x34 /opt/homebrew/Cellar/arm-none-eabi-gcc/10.3-2021.07/gcc/bin/../lib/gcc/arm-none-eabi/10.3.1/../../../../arm-none-eabi/lib/thumb/v7e-m+fp/hard/libc_nano.a(lib_a-findfp.o)
 .ARM.attributes
                0x000000000000044d       0x34 /opt/homebrew/Cellar/arm-none-eabi-gcc/10.3-2021.07/gcc/bin/../lib/gcc/arm-none-eabi/10.3.1/../../../../arm-none-eabi/lib/thumb/v7e-m+fp/hard/libc_nano.a(lib_a-fwalk.o)
 .ARM.attributes
                0x0000000000000481       0x34 /opt/homebrew/Cellar/arm-none-eabi-gcc/10.3-2021.07/gcc/bin/../lib/gcc/arm-none-eabi/10.3.1/../../../../arm-none-eabi/lib/thumb/v7e-m+fp/hard/libc_nano.a(lib_a-lock.o)
 .ARM.attributes
                0x00000000000004b5       0x34 /opt/homebrew/Cellar/arm-none-eabi-gcc/10.3-2021.07/gcc/bin/../lib/gcc/arm-none-eabi/10.3.1/../../../../arm-none-eabi/lib/thumb/v7e-m+fp/hard/libc_nano.a(lib_a-makebuf.o)
 .ARM.attributes
                0x00000000000004e9       0x34 /opt/homebrew/Cellar/arm-none-eabi-gcc/10.3-2021.07/gcc/bin/../lib/gcc/arm-none-eabi/10.3.1/../../../../arm-none-eabi/lib/thumb/v7e-m+fp/hard/libc_nano.a(lib_a-nano-freer.o)
 .ARM.attributes
                0x000000000000051d       0x34 /opt/homebrew/Cellar/arm-none-eabi-gcc/10.3-2021.07/gcc/bin/../lib/gcc/arm-none-eabi/10.3.1/../../../../arm-none-eabi/lib/thumb/v7e-m+fp/hard/libc_nano.a(lib_a-nano-mallocr.o)
 .ARM.attributes
                0x0000000000000551       0x34 /opt/homebrew/Cellar/arm-none-eabi-gcc/10.3-2021.07/gcc/bin/../lib/gcc/arm-none-eabi/10.3.1/../../../../arm-none-eabi/lib/thumb/v7e-m+fp/hard/libc_nano.a(lib_a-sbrkr.o)
 .ARM.attributes
                0x0000000000000585       0x34 /opt/homebrew/Cellar/arm-none-eabi-gcc/10.3-2021.07/gcc/bin/../lib/gcc/arm-none-eabi/10.3.1/../../../../arm-none-eabi/lib/thumb/v7e-m+fp/hard/libc_nano.a(lib_a-stdio.o)
 .ARM.attributes
                0x00000000000005b9       0x34 /opt/homebrew/Cellar/arm-none-eabi-gcc/10.3-2021.07/gcc/bin/../lib/gcc/arm-none-eabi/10.3.1/../../../../arm-none-eabi/lib/thumb/v7e-m+fp/hard/libc_nano.a(lib_a-writer.o)
 .ARM.attributes
                0x00000000000005ed       0x34 /opt/homebrew/Cellar/arm-none-eabi-gcc/10.3-2021.07/gcc/bin/../lib/gcc/arm-none-eabi/10.3.1/../../../../arm-none-eabi/lib/thumb/v7e-m+fp/hard/libc_nano.a(lib_a-closer.o)
 .ARM.attributes
                0x0000000000000621       0x34 /opt/homebrew/Cellar/arm-none-eabi-gcc/10.3-2021.07/gcc/bin/../lib/gcc/arm-none-eabi/10.3.1/../../../../arm-none-eabi/lib/thumb/v7e-m+fp/hard/libc_nano.a(lib_a-fstatr.o)
 .ARM.attributes
                0x0000000000000655       0x34 /opt/homebrew/Cellar/arm-none-eabi-gcc/10.3-2021.07/gcc/bin/../lib/gcc/arm-none-eabi/10.3.1/../../../../arm-none-eabi/lib/thumb/v7e-m+fp/hard/libc_nano.a(lib_a-isattyr.o)
 .ARM.attributes
                0x0000000000000689       0x34 /opt/homebrew/Cellar/arm-none-eabi-gcc/10.3-2021.07/gcc/bin/../lib/gcc/arm-none-eabi/10.3.1/../../../../arm-none-eabi/lib/thumb/v7e-m+fp/hard/libc_nano.a(lib_a-lseekr.o)
 .ARM.attributes
                0x00000000000006bd       0x34 /opt/homebrew/Cellar/arm-none-eabi-gcc/10.3-2021.07/gcc/bin/../lib/gcc/arm-none-eabi/10.3.1/../../../../arm-none-eabi/lib/thumb/v7e-m+fp/hard/libc_nano.a(lib_a-mlock.o)
 .ARM.attributes
                0x00000000000006f1       0x34 /opt/homebrew/Cellar/arm-none-eabi-gcc/10.3-2021.07/gcc/bin/../lib/gcc/arm-none-eabi/10.3.1/../../../../arm-none-eabi/lib/thumb/v7e-m+fp/hard/libc_nano.a(lib_a-readr.o)
 .ARM.attributes
                0x0000000000000725       0x34 /opt/homebrew/Cellar/arm-none-eabi-gcc/10.3-2021.07/gcc/bin/../lib/gcc/arm-none-eabi/10.3.1/../../../../arm-none-eabi/lib/thumb/v7e-m+fp/hard/libc_nano.a(lib_a-reent.o)
 .ARM.attributes
                0x0000000000000759       0x34 /opt/homebrew/Cellar/arm-none-eabi-gcc/10.3-2021.07/gcc/bin/../lib/gcc/arm-none-eabi/10.3.1/../../../../arm-none-eabi/lib/thumb/v7e-m+fp/hard/libnosys.a(sbrk.o)
 .ARM.attributes
                0x000000000000078d       0x1e /opt/homebrew/Cellar/arm-none-eabi-gcc/10.3-2021.07/gcc/bin/../lib/gcc/arm-none-eabi/10.3.1/thumb/v7e-m+fp/hard/libgcc.a(_aeabi_uldivmod.o)
 .ARM.attributes
                0x00000000000007ab       0x34 /opt/homebrew/Cellar/arm-none-eabi-gcc/10.3-2021.07/gcc/bin/../lib/gcc/arm-none-eabi/10.3.1/thumb/v7e-m+fp/hard/libgcc.a(_udivmoddi4.o)
 .ARM.attributes
                0x00000000000007df       0x1e /opt/homebrew/Cellar/arm-none-eabi-gcc/10.3-2021.07/gcc/bin/../lib/gcc/arm-none-eabi/10.3.1/thumb/v7e-m+fp/hard/libgcc.a(_dvmd_tls.o)
 .ARM.attributes
                0x00000000000007fd       0x1e /opt/homebrew/Cellar/arm-none-eabi-gcc/10.3-2021.07/gcc/bin/../lib/gcc/arm-none-eabi/10.3.1/thumb/v7e-m+fp/hard/crtn.o
OUTPUT(build/Scheduler.elf elf32-littlearm)
LOAD linker stubs
LOAD /opt/homebrew/Cellar/arm-none-eabi-gcc/10.3-2021.07/gcc/bin/../lib/gcc/arm-none-eabi/10.3.1/../../../../arm-none-eabi/lib/thumb/v7e-m+fp/hard/libc.a
LOAD /opt/homebrew/Cellar/arm-none-eabi-gcc/10.3-2021.07/gcc/bin/../lib/gcc/arm-none-eabi/10.3.1/../../../../arm-none-eabi/lib/thumb/v7e-m+fp/hard/libm.a
LOAD /opt/homebrew/Cellar/arm-none-eabi-gcc/10.3-2021.07/gcc/bin/../lib/gcc/arm-none-eabi/10.3.1/thumb/v7e-m+fp/hard/libgcc.a

.debug_info     0x0000000000000000     0x66da
 .debug_info    0x0000000000000000      0xd1c build/drv_serial.o
 .debug_info    0x0000000000000d1c     0x1108 build/main.o
 .debug_info    0x0000000000001e24      0x26e build/scheduler.o
 .debug_info    0x0000000000002092      0x2dc build/stm32f7xx_hal_msp.o
 .debug_info    0x000000000000236e      0x1aa build/stm32f7xx_it.o
 .debug_info    0x0000000000002518      0x7af build/syscalls.o
 .debug_info    0x0000000000002cc7      0x741 build/system_stm32f7xx.o
 .debug_info    0x0000000000003408      0xa38 build/stm32f7xx_hal.o
 .debug_info    0x0000000000003e40     0x128f build/stm32f7xx_hal_cortex.o
 .debug_info    0x00000000000050cf      0xa24 build/stm32f7xx_hal_pwr_ex.o
 .debug_info    0x0000000000005af3      0xbc5 build/stm32f7xx_hal_rcc.o
 .debug_info    0x00000000000066b8       0x22 build/startup_stm32f722xx.o

.debug_abbrev   0x0000000000000000     0x140d
 .debug_abbrev  0x0000000000000000      0x214 build/drv_serial.o
 .debug_abbrev  0x0000000000000214      0x2c6 build/main.o
 .debug_abbrev  0x00000000000004da      0x164 build/scheduler.o
 .debug_abbrev  0x000000000000063e       0xd1 build/stm32f7xx_hal_msp.o
 .debug_abbrev  0x000000000000070f       0x89 build/stm32f7xx_it.o
 .debug_abbrev  0x0000000000000798      0x1a3 build/syscalls.o
 .debug_abbrev  0x000000000000093b      0x139 build/system_stm32f7xx.o
 .debug_abbrev  0x0000000000000a74      0x206 build/stm32f7xx_hal.o
 .debug_abbrev  0x0000000000000c7a      0x36a build/stm32f7xx_hal_cortex.o
 .debug_abbrev  0x0000000000000fe4      0x1c6 build/stm32f7xx_hal_pwr_ex.o
 .debug_abbrev  0x00000000000011aa      0x251 build/stm32f7xx_hal_rcc.o
 .debug_abbrev  0x00000000000013fb       0x12 build/startup_stm32f722xx.o

.debug_loc      0x0000000000000000     0x185c
 .debug_loc     0x0000000000000000       0x91 build/drv_serial.o
 .debug_loc     0x0000000000000091       0x63 build/main.o
 .debug_loc     0x00000000000000f4       0xd5 build/scheduler.o
 .debug_loc     0x00000000000001c9      0x3c5 build/syscalls.o
 .debug_loc     0x000000000000058e      0x158 build/system_stm32f7xx.o
 .debug_loc     0x00000000000006e6      0x141 build/stm32f7xx_hal.o
 .debug_loc     0x0000000000000827      0x734 build/stm32f7xx_hal_cortex.o
 .debug_loc     0x0000000000000f5b      0x299 build/stm32f7xx_hal_pwr_ex.o
 .debug_loc     0x00000000000011f4      0x668 build/stm32f7xx_hal_rcc.o

.debug_aranges  0x0000000000000000      0x4e8
 .debug_aranges
                0x0000000000000000       0x30 build/drv_serial.o
 .debug_aranges
                0x0000000000000030       0x60 build/main.o
 .debug_aranges
                0x0000000000000090       0x30 build/scheduler.o
 .debug_aranges
                0x00000000000000c0       0x20 build/stm32f7xx_hal_msp.o
 .debug_aranges
                0x00000000000000e0       0x60 build/stm32f7xx_it.o
 .debug_aranges
                0x0000000000000140       0xa8 build/syscalls.o
 .debug_aranges
                0x00000000000001e8       0x28 build/system_stm32f7xx.o
 .debug_aranges
                0x0000000000000210      0x100 build/stm32f7xx_hal.o
 .debug_aranges
                0x0000000000000310       0xa8 build/stm32f7xx_hal_cortex.o
 .debug_aranges
                0x00000000000003b8       0x80 build/stm32f7xx_hal_pwr_ex.o
 .debug_aranges
                0x0000000000000438       0x88 build/stm32f7xx_hal_rcc.o
 .debug_aranges
                0x00000000000004c0       0x28 build/startup_stm32f722xx.o

.debug_ranges   0x0000000000000000      0x490
 .debug_ranges  0x0000000000000000       0x20 build/drv_serial.o
 .debug_ranges  0x0000000000000020       0x50 build/main.o
 .debug_ranges  0x0000000000000070       0x20 build/scheduler.o
 .debug_ranges  0x0000000000000090       0x10 build/stm32f7xx_hal_msp.o
 .debug_ranges  0x00000000000000a0       0x50 build/stm32f7xx_it.o
 .debug_ranges  0x00000000000000f0       0x98 build/syscalls.o
 .debug_ranges  0x0000000000000188       0x18 build/system_stm32f7xx.o
 .debug_ranges  0x00000000000001a0       0xf0 build/stm32f7xx_hal.o
 .debug_ranges  0x0000000000000290       0xf8 build/stm32f7xx_hal_cortex.o
 .debug_ranges  0x0000000000000388       0x70 build/stm32f7xx_hal_pwr_ex.o
 .debug_ranges  0x00000000000003f8       0x78 build/stm32f7xx_hal_rcc.o
 .debug_ranges  0x0000000000000470       0x20 build/startup_stm32f722xx.o

.debug_line     0x0000000000000000     0x3376
 .debug_line    0x0000000000000000      0x25e build/drv_serial.o
 .debug_line    0x000000000000025e      0x4e6 build/main.o
 .debug_line    0x0000000000000744      0x21e build/scheduler.o
 .debug_line    0x0000000000000962      0x164 build/stm32f7xx_hal_msp.o
 .debug_line    0x0000000000000ac6      0x2d2 build/stm32f7xx_it.o
 .debug_line    0x0000000000000d98      0x3f7 build/syscalls.o
 .debug_line    0x000000000000118f      0x258 build/system_stm32f7xx.o
 .debug_line    0x00000000000013e7      0x597 build/stm32f7xx_hal.o
 .debug_line    0x000000000000197e      0x781 build/stm32f7xx_hal_cortex.o
 .debug_line    0x00000000000020ff      0x567 build/stm32f7xx_hal_pwr_ex.o
 .debug_line    0x0000000000002666      0xc9a build/stm32f7xx_hal_rcc.o
 .debug_line    0x0000000000003300       0x76 build/startup_stm32f722xx.o

.debug_str      0x0000000000000000     0x1c12
 .debug_str     0x0000000000000000      0x9fd build/drv_serial.o
                                        0xa75 (size before relaxing)
 .debug_str     0x00000000000009fd      0x3ab build/main.o
                                        0xd1b (size before relaxing)
 .debug_str     0x0000000000000da8       0xa6 build/scheduler.o
                                        0x29d (size before relaxing)
 .debug_str     0x0000000000000e4e       0x29 build/stm32f7xx_hal_msp.o
                                        0x2d9 (size before relaxing)
 .debug_str     0x0000000000000e77       0xbe build/stm32f7xx_it.o
                                        0x263 (size before relaxing)
 .debug_str     0x0000000000000f35      0x215 build/syscalls.o
                                        0x3ef (size before relaxing)
 .debug_str     0x000000000000114a       0x74 build/system_stm32f7xx.o
                                        0x451 (size before relaxing)
 .debug_str     0x00000000000011be      0x390 build/stm32f7xx_hal.o
                                        0xbbe (size before relaxing)
 .debug_str     0x000000000000154e      0x2b6 build/stm32f7xx_hal_cortex.o
                                        0xd13 (size before relaxing)
 .debug_str     0x0000000000001804      0x1db build/stm32f7xx_hal_pwr_ex.o
                                        0x642 (size before relaxing)
 .debug_str     0x00000000000019df      0x20f build/stm32f7xx_hal_rcc.o
                                        0x71b (size before relaxing)
 .debug_str     0x0000000000001bee       0x24 build/startup_stm32f722xx.o
                                         0x5a (size before relaxing)

.comment        0x0000000000000000       0x49
 .comment       0x0000000000000000       0x49 build/drv_serial.o
                                         0x4a (size before relaxing)
 .comment       0x0000000000000049       0x4a build/main.o
 .comment       0x0000000000000049       0x4a build/scheduler.o
 .comment       0x0000000000000049       0x4a build/stm32f7xx_hal_msp.o
 .comment       0x0000000000000049       0x4a build/stm32f7xx_it.o
 .comment       0x0000000000000049       0x4a build/syscalls.o
 .comment       0x0000000000000049       0x4a build/system_stm32f7xx.o
 .comment       0x0000000000000049       0x4a build/stm32f7xx_hal.o
 .comment       0x0000000000000049       0x4a build/stm32f7xx_hal_cortex.o
 .comment       0x0000000000000049       0x4a build/stm32f7xx_hal_pwr_ex.o
 .comment       0x0000000000000049       0x4a build/stm32f7xx_hal_rcc.o

.debug_frame    0x0000000000000000     0x1158
 .debug_frame   0x0000000000000000       0x48 build/drv_serial.o
 .debug_frame   0x0000000000000048       0xf0 build/main.o
 .debug_frame   0x0000000000000138       0x54 build/scheduler.o
 .debug_frame   0x000000000000018c       0x28 build/stm32f7xx_hal_msp.o
 .debug_frame   0x00000000000001b4       0xa0 build/stm32f7xx_it.o
 .debug_frame   0x0000000000000254      0x190 build/syscalls.o
 .debug_frame   0x00000000000003e4       0x30 build/system_stm32f7xx.o
 .debug_frame   0x0000000000000414      0x20c build/stm32f7xx_hal.o
 .debug_frame   0x0000000000000620      0x148 build/stm32f7xx_hal_cortex.o
 .debug_frame   0x0000000000000768      0x134 build/stm32f7xx_hal_pwr_ex.o
 .debug_frame   0x000000000000089c      0x178 build/stm32f7xx_hal_rcc.o
 .debug_frame   0x0000000000000a14       0x2c /opt/homebrew/Cellar/arm-none-eabi-gcc/10.3-2021.07/gcc/bin/../lib/gcc/arm-none-eabi/10.3.1/../../../../arm-none-eabi/lib/thumb/v7e-m+fp/hard/libc_nano.a(lib_a-init.o)
 .debug_frame   0x0000000000000a40       0x20 /opt/homebrew/Cellar/arm-none-eabi-gcc/10.3-2021.07/gcc/bin/../lib/gcc/arm-none-eabi/10.3.1/../../../../arm-none-eabi/lib/thumb/v7e-m+fp/hard/libc_nano.a(lib_a-memset.o)
 .debug_frame   0x0000000000000a60       0x3c /opt/homebrew/Cellar/arm-none-eabi-gcc/10.3-2021.07/gcc/bin/../lib/gcc/arm-none-eabi/10.3.1/../../../../arm-none-eabi/lib/thumb/v7e-m+fp/hard/libc_nano.a(lib_a-puts.o)
 .debug_frame   0x0000000000000a9c       0x40 /opt/homebrew/Cellar/arm-none-eabi-gcc/10.3-2021.07/gcc/bin/../lib/gcc/arm-none-eabi/10.3.1/../../../../arm-none-eabi/lib/thumb/v7e-m+fp/hard/libc_nano.a(lib_a-wbuf.o)
 .debug_frame   0x0000000000000adc       0x2c /opt/homebrew/Cellar/arm-none-eabi-gcc/10.3-2021.07/gcc/bin/../lib/gcc/arm-none-eabi/10.3.1/../../../../arm-none-eabi/lib/thumb/v7e-m+fp/hard/libc_nano.a(lib_a-wsetup.o)
 .debug_frame   0x0000000000000b08       0x5c /opt/homebrew/Cellar/arm-none-eabi-gcc/10.3-2021.07/gcc/bin/../lib/gcc/arm-none-eabi/10.3.1/../../../../arm-none-eabi/lib/thumb/v7e-m+fp/hard/libc_nano.a(lib_a-fflush.o)
 .debug_frame   0x0000000000000b64      0x14c /opt/homebrew/Cellar/arm-none-eabi-gcc/10.3-2021.07/gcc/bin/../lib/gcc/arm-none-eabi/10.3.1/../../../../arm-none-eabi/lib/thumb/v7e-m+fp/hard/libc_nano.a(lib_a-findfp.o)
 .debug_frame   0x0000000000000cb0       0x54 /opt/homebrew/Cellar/arm-none-eabi-gcc/10.3-2021.07/gcc/bin/../lib/gcc/arm-none-eabi/10.3.1/../../../../arm-none-eabi/lib/thumb/v7e-m+fp/hard/libc_nano.a(lib_a-fwalk.o)
 .debug_frame   0x0000000000000d04       0xb0 /opt/homebrew/Cellar/arm-none-eabi-gcc/10.3-2021.07/gcc/bin/../lib/gcc/arm-none-eabi/10.3.1/../../../../arm-none-eabi/lib/thumb/v7e-m+fp/hard/libc_nano.a(lib_a-lock.o)
 .debug_frame   0x0000000000000db4       0x58 /opt/homebrew/Cellar/arm-none-eabi-gcc/10.3-2021.07/gcc/bin/../lib/gcc/arm-none-eabi/10.3.1/../../../../arm-none-eabi/lib/thumb/v7e-m+fp/hard/libc_nano.a(lib_a-makebuf.o)
 .debug_frame   0x0000000000000e0c       0x38 /opt/homebrew/Cellar/arm-none-eabi-gcc/10.3-2021.07/gcc/bin/../lib/gcc/arm-none-eabi/10.3.1/../../../../arm-none-eabi/lib/thumb/v7e-m+fp/hard/libc_nano.a(lib_a-nano-freer.o)
 .debug_frame   0x0000000000000e44       0x4c /opt/homebrew/Cellar/arm-none-eabi-gcc/10.3-2021.07/gcc/bin/../lib/gcc/arm-none-eabi/10.3.1/../../../../arm-none-eabi/lib/thumb/v7e-m+fp/hard/libc_nano.a(lib_a-nano-mallocr.o)
 .debug_frame   0x0000000000000e90       0x2c /opt/homebrew/Cellar/arm-none-eabi-gcc/10.3-2021.07/gcc/bin/../lib/gcc/arm-none-eabi/10.3.1/../../../../arm-none-eabi/lib/thumb/v7e-m+fp/hard/libc_nano.a(lib_a-sbrkr.o)
 .debug_frame   0x0000000000000ebc       0x88 /opt/homebrew/Cellar/arm-none-eabi-gcc/10.3-2021.07/gcc/bin/../lib/gcc/arm-none-eabi/10.3.1/../../../../arm-none-eabi/lib/thumb/v7e-m+fp/hard/libc_nano.a(lib_a-stdio.o)
 .debug_frame   0x0000000000000f44       0x2c /opt/homebrew/Cellar/arm-none-eabi-gcc/10.3-2021.07/gcc/bin/../lib/gcc/arm-none-eabi/10.3.1/../../../../arm-none-eabi/lib/thumb/v7e-m+fp/hard/libc_nano.a(lib_a-writer.o)
 .debug_frame   0x0000000000000f70       0x2c /opt/homebrew/Cellar/arm-none-eabi-gcc/10.3-2021.07/gcc/bin/../lib/gcc/arm-none-eabi/10.3.1/../../../../arm-none-eabi/lib/thumb/v7e-m+fp/hard/libc_nano.a(lib_a-closer.o)
 .debug_frame   0x0000000000000f9c       0x2c /opt/homebrew/Cellar/arm-none-eabi-gcc/10.3-2021.07/gcc/bin/../lib/gcc/arm-none-eabi/10.3.1/../../../../arm-none-eabi/lib/thumb/v7e-m+fp/hard/libc_nano.a(lib_a-fstatr.o)
 .debug_frame   0x0000000000000fc8       0x2c /opt/homebrew/Cellar/arm-none-eabi-gcc/10.3-2021.07/gcc/bin/../lib/gcc/arm-none-eabi/10.3.1/../../../../arm-none-eabi/lib/thumb/v7e-m+fp/hard/libc_nano.a(lib_a-isattyr.o)
 .debug_frame   0x0000000000000ff4       0x2c /opt/homebrew/Cellar/arm-none-eabi-gcc/10.3-2021.07/gcc/bin/../lib/gcc/arm-none-eabi/10.3.1/../../../../arm-none-eabi/lib/thumb/v7e-m+fp/hard/libc_nano.a(lib_a-lseekr.o)
 .debug_frame   0x0000000000001020       0x30 /opt/homebrew/Cellar/arm-none-eabi-gcc/10.3-2021.07/gcc/bin/../lib/gcc/arm-none-eabi/10.3.1/../../../../arm-none-eabi/lib/thumb/v7e-m+fp/hard/libc_nano.a(lib_a-mlock.o)
 .debug_frame   0x0000000000001050       0x2c /opt/homebrew/Cellar/arm-none-eabi-gcc/10.3-2021.07/gcc/bin/../lib/gcc/arm-none-eabi/10.3.1/../../../../arm-none-eabi/lib/thumb/v7e-m+fp/hard/libc_nano.a(lib_a-readr.o)
 .debug_frame   0x000000000000107c       0x5c /opt/homebrew/Cellar/arm-none-eabi-gcc/10.3-2021.07/gcc/bin/../lib/gcc/arm-none-eabi/10.3.1/../../../../arm-none-eabi/lib/thumb/v7e-m+fp/hard/libc_nano.a(lib_a-reent.o)
 .debug_frame   0x00000000000010d8       0x20 /opt/homebrew/Cellar/arm-none-eabi-gcc/10.3-2021.07/gcc/bin/../lib/gcc/arm-none-eabi/10.3.1/../../../../arm-none-eabi/lib/thumb/v7e-m+fp/hard/libnosys.a(sbrk.o)
 .debug_frame   0x00000000000010f8       0x2c /opt/homebrew/Cellar/arm-none-eabi-gcc/10.3-2021.07/gcc/bin/../lib/gcc/arm-none-eabi/10.3.1/thumb/v7e-m+fp/hard/libgcc.a(_aeabi_uldivmod.o)
 .debug_frame   0x0000000000001124       0x34 /opt/homebrew/Cellar/arm-none-eabi-gcc/10.3-2021.07/gcc/bin/../lib/gcc/arm-none-eabi/10.3.1/thumb/v7e-m+fp/hard/libgcc.a(_udivmoddi4.o)

Cross Reference Table

Symbol                                            File
ADC_IRQHandler                                    build/startup_stm32f722xx.o
AHBPrescTable                                     build/system_stm32f7xx.o
                                                  build/stm32f7xx_hal_rcc.o
APBPrescTable                                     build/system_stm32f7xx.o
                                                  build/stm32f7xx_hal_rcc.o
BusFault_Handler                                  build/stm32f7xx_it.o
CAN1_RX0_IRQHandler                               build/startup_stm32f722xx.o
CAN1_RX1_IRQHandler                               build/startup_stm32f722xx.o
CAN1_SCE_IRQHandler                               build/startup_stm32f722xx.o
CAN1_TX_IRQHandler                                build/startup_stm32f722xx.o
DMA1_Stream0_IRQHandler                           build/startup_stm32f722xx.o
DMA1_Stream1_IRQHandler                           build/startup_stm32f722xx.o
DMA1_Stream2_IRQHandler                           build/startup_stm32f722xx.o
DMA1_Stream3_IRQHandler                           build/startup_stm32f722xx.o
DMA1_Stream4_IRQHandler                           build/startup_stm32f722xx.o
DMA1_Stream5_IRQHandler                           build/startup_stm32f722xx.o
DMA1_Stream6_IRQHandler                           build/startup_stm32f722xx.o
DMA1_Stream7_IRQHandler                           build/startup_stm32f722xx.o
DMA2_Stream0_IRQHandler                           build/startup_stm32f722xx.o
DMA2_Stream1_IRQHandler                           build/startup_stm32f722xx.o
DMA2_Stream2_IRQHandler                           build/startup_stm32f722xx.o
DMA2_Stream3_IRQHandler                           build/startup_stm32f722xx.o
DMA2_Stream4_IRQHandler                           build/startup_stm32f722xx.o
DMA2_Stream5_IRQHandler                           build/startup_stm32f722xx.o
DMA2_Stream6_IRQHandler                           build/startup_stm32f722xx.o
DMA2_Stream7_IRQHandler                           build/startup_stm32f722xx.o
DebugMon_Handler                                  build/stm32f7xx_it.o
Default_Handler                                   build/startup_stm32f722xx.o
EXTI0_IRQHandler                                  build/startup_stm32f722xx.o
EXTI15_10_IRQHandler                              build/startup_stm32f722xx.o
EXTI1_IRQHandler                                  build/startup_stm32f722xx.o
EXTI2_IRQHandler                                  build/startup_stm32f722xx.o
EXTI3_IRQHandler                                  build/startup_stm32f722xx.o
EXTI4_IRQHandler                                  build/startup_stm32f722xx.o
EXTI9_5_IRQHandler                                build/startup_stm32f722xx.o
Error_Handler                                     build/main.o
FLASH_Erase_Sector                                build/stm32f7xx_hal_flash_ex.o
                                                  build/stm32f7xx_hal_flash.o
FLASH_IRQHandler                                  build/startup_stm32f722xx.o
FLASH_WaitForLastOperation                        build/stm32f7xx_hal_flash.o
                                                  build/stm32f7xx_hal_flash_ex.o
FMC_IRQHandler                                    build/startup_stm32f722xx.o
FPU_IRQHandler                                    build/startup_stm32f722xx.o
HAL_DBGMCU_DisableDBGSleepMode                    build/stm32f7xx_hal.o
HAL_DBGMCU_DisableDBGStandbyMode                  build/stm32f7xx_hal.o
HAL_DBGMCU_DisableDBGStopMode                     build/stm32f7xx_hal.o
HAL_DBGMCU_EnableDBGSleepMode                     build/stm32f7xx_hal.o
HAL_DBGMCU_EnableDBGStandbyMode                   build/stm32f7xx_hal.o
HAL_DBGMCU_EnableDBGStopMode                      build/stm32f7xx_hal.o
HAL_DMAEx_ChangeMemory                            build/stm32f7xx_hal_dma_ex.o
HAL_DMAEx_MultiBufferStart                        build/stm32f7xx_hal_dma_ex.o
HAL_DMAEx_MultiBufferStart_IT                     build/stm32f7xx_hal_dma_ex.o
HAL_DMA_Abort                                     build/stm32f7xx_hal_dma.o
HAL_DMA_Abort_IT                                  build/stm32f7xx_hal_dma.o
                                                  build/stm32f7xx_hal_i2c.o
HAL_DMA_DeInit                                    build/stm32f7xx_hal_dma.o
HAL_DMA_GetError                                  build/stm32f7xx_hal_dma.o
                                                  build/stm32f7xx_hal_i2c.o
HAL_DMA_GetState                                  build/stm32f7xx_hal_dma.o
                                                  build/stm32f7xx_hal_i2c.o
HAL_DMA_IRQHandler                                build/stm32f7xx_hal_dma.o
HAL_DMA_Init                                      build/stm32f7xx_hal_dma.o
HAL_DMA_PollForTransfer                           build/stm32f7xx_hal_dma.o
HAL_DMA_RegisterCallback                          build/stm32f7xx_hal_dma.o
HAL_DMA_Start                                     build/stm32f7xx_hal_dma.o
HAL_DMA_Start_IT                                  build/stm32f7xx_hal_dma.o
                                                  build/stm32f7xx_hal_i2c.o
HAL_DMA_UnRegisterCallback                        build/stm32f7xx_hal_dma.o
HAL_DeInit                                        build/stm32f7xx_hal.o
HAL_Delay                                         build/stm32f7xx_hal.o
HAL_DisableCompensationCell                       build/stm32f7xx_hal.o
HAL_DisableFMCMemorySwapping                      build/stm32f7xx_hal.o
HAL_EXTI_ClearConfigLine                          build/stm32f7xx_hal_exti.o
HAL_EXTI_ClearPending                             build/stm32f7xx_hal_exti.o
HAL_EXTI_GenerateSWI                              build/stm32f7xx_hal_exti.o
HAL_EXTI_GetConfigLine                            build/stm32f7xx_hal_exti.o
HAL_EXTI_GetHandle                                build/stm32f7xx_hal_exti.o
HAL_EXTI_GetPending                               build/stm32f7xx_hal_exti.o
HAL_EXTI_IRQHandler                               build/stm32f7xx_hal_exti.o
HAL_EXTI_RegisterCallback                         build/stm32f7xx_hal_exti.o
HAL_EXTI_SetConfigLine                            build/stm32f7xx_hal_exti.o
HAL_EnableCompensationCell                        build/stm32f7xx_hal.o
HAL_EnableFMCMemorySwapping                       build/stm32f7xx_hal.o
HAL_FLASHEx_Erase                                 build/stm32f7xx_hal_flash_ex.o
HAL_FLASHEx_Erase_IT                              build/stm32f7xx_hal_flash_ex.o
HAL_FLASHEx_OBGetConfig                           build/stm32f7xx_hal_flash_ex.o
HAL_FLASHEx_OBProgram                             build/stm32f7xx_hal_flash_ex.o
HAL_FLASH_EndOfOperationCallback                  build/stm32f7xx_hal_flash.o
HAL_FLASH_GetError                                build/stm32f7xx_hal_flash.o
HAL_FLASH_IRQHandler                              build/stm32f7xx_hal_flash.o
HAL_FLASH_Lock                                    build/stm32f7xx_hal_flash.o
HAL_FLASH_OB_Launch                               build/stm32f7xx_hal_flash.o
HAL_FLASH_OB_Lock                                 build/stm32f7xx_hal_flash.o
HAL_FLASH_OB_Unlock                               build/stm32f7xx_hal_flash.o
HAL_FLASH_OperationErrorCallback                  build/stm32f7xx_hal_flash.o
HAL_FLASH_Program                                 build/stm32f7xx_hal_flash.o
HAL_FLASH_Program_IT                              build/stm32f7xx_hal_flash.o
HAL_FLASH_Unlock                                  build/stm32f7xx_hal_flash.o
HAL_GPIO_DeInit                                   build/stm32f7xx_hal_gpio.o
HAL_GPIO_EXTI_Callback                            build/stm32f7xx_hal_gpio.o
HAL_GPIO_EXTI_IRQHandler                          build/stm32f7xx_hal_gpio.o
HAL_GPIO_Init                                     build/stm32f7xx_hal_gpio.o
                                                  build/stm32f7xx_hal_rcc.o
HAL_GPIO_LockPin                                  build/stm32f7xx_hal_gpio.o
HAL_GPIO_ReadPin                                  build/stm32f7xx_hal_gpio.o
HAL_GPIO_TogglePin                                build/stm32f7xx_hal_gpio.o
HAL_GPIO_WritePin                                 build/stm32f7xx_hal_gpio.o
HAL_GetDEVID                                      build/stm32f7xx_hal.o
HAL_GetHalVersion                                 build/stm32f7xx_hal.o
HAL_GetREVID                                      build/stm32f7xx_hal.o
HAL_GetTick                                       build/stm32f7xx_hal.o
                                                  build/stm32f7xx_hal_rcc_ex.o
                                                  build/stm32f7xx_hal_rcc.o
                                                  build/stm32f7xx_hal_pwr_ex.o
                                                  build/stm32f7xx_hal_i2c.o
                                                  build/stm32f7xx_hal_flash.o
                                                  build/stm32f7xx_hal_dma.o
HAL_GetTickFreq                                   build/stm32f7xx_hal.o
HAL_GetTickPrio                                   build/stm32f7xx_hal.o
HAL_GetUIDw0                                      build/stm32f7xx_hal.o
HAL_GetUIDw1                                      build/stm32f7xx_hal.o
HAL_GetUIDw2                                      build/stm32f7xx_hal.o
HAL_I2CEx_ConfigAnalogFilter                      build/stm32f7xx_hal_i2c_ex.o
HAL_I2CEx_ConfigDigitalFilter                     build/stm32f7xx_hal_i2c_ex.o
HAL_I2CEx_DisableFastModePlus                     build/stm32f7xx_hal_i2c_ex.o
HAL_I2CEx_EnableFastModePlus                      build/stm32f7xx_hal_i2c_ex.o
HAL_I2C_AbortCpltCallback                         build/stm32f7xx_hal_i2c.o
HAL_I2C_AddrCallback                              build/stm32f7xx_hal_i2c.o
HAL_I2C_DeInit                                    build/stm32f7xx_hal_i2c.o
HAL_I2C_DisableListen_IT                          build/stm32f7xx_hal_i2c.o
HAL_I2C_ER_IRQHandler                             build/stm32f7xx_hal_i2c.o
HAL_I2C_EV_IRQHandler                             build/stm32f7xx_hal_i2c.o
HAL_I2C_EnableListen_IT                           build/stm32f7xx_hal_i2c.o
HAL_I2C_ErrorCallback                             build/stm32f7xx_hal_i2c.o
HAL_I2C_GetError                                  build/stm32f7xx_hal_i2c.o
HAL_I2C_GetMode                                   build/stm32f7xx_hal_i2c.o
HAL_I2C_GetState                                  build/stm32f7xx_hal_i2c.o
HAL_I2C_Init                                      build/stm32f7xx_hal_i2c.o
HAL_I2C_IsDeviceReady                             build/stm32f7xx_hal_i2c.o
HAL_I2C_ListenCpltCallback                        build/stm32f7xx_hal_i2c.o
HAL_I2C_MasterRxCpltCallback                      build/stm32f7xx_hal_i2c.o
HAL_I2C_MasterTxCpltCallback                      build/stm32f7xx_hal_i2c.o
HAL_I2C_Master_Abort_IT                           build/stm32f7xx_hal_i2c.o
HAL_I2C_Master_Receive                            build/stm32f7xx_hal_i2c.o
HAL_I2C_Master_Receive_DMA                        build/stm32f7xx_hal_i2c.o
HAL_I2C_Master_Receive_IT                         build/stm32f7xx_hal_i2c.o
HAL_I2C_Master_Seq_Receive_DMA                    build/stm32f7xx_hal_i2c.o
HAL_I2C_Master_Seq_Receive_IT                     build/stm32f7xx_hal_i2c.o
HAL_I2C_Master_Seq_Transmit_DMA                   build/stm32f7xx_hal_i2c.o
HAL_I2C_Master_Seq_Transmit_IT                    build/stm32f7xx_hal_i2c.o
HAL_I2C_Master_Transmit                           build/stm32f7xx_hal_i2c.o
HAL_I2C_Master_Transmit_DMA                       build/stm32f7xx_hal_i2c.o
HAL_I2C_Master_Transmit_IT                        build/stm32f7xx_hal_i2c.o
HAL_I2C_MemRxCpltCallback                         build/stm32f7xx_hal_i2c.o
HAL_I2C_MemTxCpltCallback                         build/stm32f7xx_hal_i2c.o
HAL_I2C_Mem_Read                                  build/stm32f7xx_hal_i2c.o
HAL_I2C_Mem_Read_DMA                              build/stm32f7xx_hal_i2c.o
HAL_I2C_Mem_Read_IT                               build/stm32f7xx_hal_i2c.o
HAL_I2C_Mem_Write                                 build/stm32f7xx_hal_i2c.o
HAL_I2C_Mem_Write_DMA                             build/stm32f7xx_hal_i2c.o
HAL_I2C_Mem_Write_IT                              build/stm32f7xx_hal_i2c.o
HAL_I2C_MspDeInit                                 build/stm32f7xx_hal_i2c.o
HAL_I2C_MspInit                                   build/stm32f7xx_hal_i2c.o
HAL_I2C_SlaveRxCpltCallback                       build/stm32f7xx_hal_i2c.o
HAL_I2C_SlaveTxCpltCallback                       build/stm32f7xx_hal_i2c.o
HAL_I2C_Slave_Receive                             build/stm32f7xx_hal_i2c.o
HAL_I2C_Slave_Receive_DMA                         build/stm32f7xx_hal_i2c.o
HAL_I2C_Slave_Receive_IT                          build/stm32f7xx_hal_i2c.o
HAL_I2C_Slave_Seq_Receive_DMA                     build/stm32f7xx_hal_i2c.o
HAL_I2C_Slave_Seq_Receive_IT                      build/stm32f7xx_hal_i2c.o
HAL_I2C_Slave_Seq_Transmit_DMA                    build/stm32f7xx_hal_i2c.o
HAL_I2C_Slave_Seq_Transmit_IT                     build/stm32f7xx_hal_i2c.o
HAL_I2C_Slave_Transmit                            build/stm32f7xx_hal_i2c.o
HAL_I2C_Slave_Transmit_DMA                        build/stm32f7xx_hal_i2c.o
HAL_I2C_Slave_Transmit_IT                         build/stm32f7xx_hal_i2c.o
HAL_IncTick                                       build/stm32f7xx_hal.o
HAL_Init                                          build/stm32f7xx_hal.o
                                                  build/main.o
HAL_InitTick                                      build/stm32f7xx_hal.o
                                                  build/stm32f7xx_hal_rcc.o
HAL_MPU_ConfigRegion                              build/stm32f7xx_hal_cortex.o
                                                  build/main.o
HAL_MPU_Disable                                   build/stm32f7xx_hal_cortex.o
                                                  build/main.o
HAL_MPU_Enable                                    build/stm32f7xx_hal_cortex.o
                                                  build/main.o
HAL_MspDeInit                                     build/stm32f7xx_hal.o
HAL_MspInit                                       build/stm32f7xx_hal_msp.o
HAL_NVIC_ClearPendingIRQ                          build/stm32f7xx_hal_cortex.o
HAL_NVIC_DisableIRQ                               build/stm32f7xx_hal_cortex.o
HAL_NVIC_EnableIRQ                                build/stm32f7xx_hal_cortex.o
HAL_NVIC_GetActive                                build/stm32f7xx_hal_cortex.o
HAL_NVIC_GetPendingIRQ                            build/stm32f7xx_hal_cortex.o
HAL_NVIC_GetPriority                              build/stm32f7xx_hal_cortex.o
HAL_NVIC_GetPriorityGrouping                      build/stm32f7xx_hal_cortex.o
HAL_NVIC_SetPendingIRQ                            build/stm32f7xx_hal_cortex.o
HAL_NVIC_SetPriority                              build/stm32f7xx_hal_cortex.o
                                                  build/stm32f7xx_hal.o
HAL_NVIC_SetPriorityGrouping                      build/stm32f7xx_hal_cortex.o
                                                  build/stm32f7xx_hal.o
HAL_NVIC_SystemReset                              build/stm32f7xx_hal_cortex.o
HAL_PWREx_ControlVoltageScaling                   build/stm32f7xx_hal_pwr_ex.o
HAL_PWREx_DisableBkUpReg                          build/stm32f7xx_hal_pwr_ex.o
HAL_PWREx_DisableFlashPowerDown                   build/stm32f7xx_hal_pwr_ex.o
HAL_PWREx_DisableLowRegulatorLowVoltage           build/stm32f7xx_hal_pwr_ex.o
HAL_PWREx_DisableMainRegulatorLowVoltage          build/stm32f7xx_hal_pwr_ex.o
HAL_PWREx_DisableOverDrive                        build/stm32f7xx_hal_pwr_ex.o
HAL_PWREx_EnableBkUpReg                           build/stm32f7xx_hal_pwr_ex.o
HAL_PWREx_EnableFlashPowerDown                    build/stm32f7xx_hal_pwr_ex.o
HAL_PWREx_EnableLowRegulatorLowVoltage            build/stm32f7xx_hal_pwr_ex.o
HAL_PWREx_EnableMainRegulatorLowVoltage           build/stm32f7xx_hal_pwr_ex.o
HAL_PWREx_EnableOverDrive                         build/stm32f7xx_hal_pwr_ex.o
                                                  build/main.o
HAL_PWREx_EnterUnderDriveSTOPMode                 build/stm32f7xx_hal_pwr_ex.o
HAL_PWREx_GetVoltageRange                         build/stm32f7xx_hal_pwr_ex.o
HAL_PWR_ConfigPVD                                 build/stm32f7xx_hal_pwr.o
HAL_PWR_DeInit                                    build/stm32f7xx_hal_pwr.o
HAL_PWR_DisableBkUpAccess                         build/stm32f7xx_hal_pwr.o
HAL_PWR_DisablePVD                                build/stm32f7xx_hal_pwr.o
HAL_PWR_DisableSEVOnPend                          build/stm32f7xx_hal_pwr.o
HAL_PWR_DisableSleepOnExit                        build/stm32f7xx_hal_pwr.o
HAL_PWR_DisableWakeUpPin                          build/stm32f7xx_hal_pwr.o
HAL_PWR_EnableBkUpAccess                          build/stm32f7xx_hal_pwr.o
HAL_PWR_EnablePVD                                 build/stm32f7xx_hal_pwr.o
HAL_PWR_EnableSEVOnPend                           build/stm32f7xx_hal_pwr.o
HAL_PWR_EnableSleepOnExit                         build/stm32f7xx_hal_pwr.o
HAL_PWR_EnableWakeUpPin                           build/stm32f7xx_hal_pwr.o
HAL_PWR_EnterSLEEPMode                            build/stm32f7xx_hal_pwr.o
HAL_PWR_EnterSTANDBYMode                          build/stm32f7xx_hal_pwr.o
HAL_PWR_EnterSTOPMode                             build/stm32f7xx_hal_pwr.o
HAL_PWR_PVDCallback                               build/stm32f7xx_hal_pwr.o
HAL_PWR_PVD_IRQHandler                            build/stm32f7xx_hal_pwr.o
HAL_RCCEx_DisablePLLI2S                           build/stm32f7xx_hal_rcc_ex.o
HAL_RCCEx_DisablePLLSAI                           build/stm32f7xx_hal_rcc_ex.o
HAL_RCCEx_EnablePLLI2S                            build/stm32f7xx_hal_rcc_ex.o
HAL_RCCEx_EnablePLLSAI                            build/stm32f7xx_hal_rcc_ex.o
HAL_RCCEx_GetPeriphCLKConfig                      build/stm32f7xx_hal_rcc_ex.o
HAL_RCCEx_GetPeriphCLKFreq                        build/stm32f7xx_hal_rcc_ex.o
HAL_RCCEx_PeriphCLKConfig                         build/stm32f7xx_hal_rcc_ex.o
HAL_RCC_CSSCallback                               build/stm32f7xx_hal_rcc.o
HAL_RCC_ClockConfig                               build/stm32f7xx_hal_rcc.o
                                                  build/main.o
HAL_RCC_DeInit                                    build/stm32f7xx_hal_rcc.o
HAL_RCC_DisableCSS                                build/stm32f7xx_hal_rcc.o
HAL_RCC_EnableCSS                                 build/stm32f7xx_hal_rcc.o
HAL_RCC_GetClockConfig                            build/stm32f7xx_hal_rcc.o
HAL_RCC_GetHCLKFreq                               build/stm32f7xx_hal_rcc.o
HAL_RCC_GetOscConfig                              build/stm32f7xx_hal_rcc.o
HAL_RCC_GetPCLK1Freq                              build/stm32f7xx_hal_rcc.o
HAL_RCC_GetPCLK2Freq                              build/stm32f7xx_hal_rcc.o
HAL_RCC_GetSysClockFreq                           build/stm32f7xx_hal_rcc.o
HAL_RCC_MCOConfig                                 build/stm32f7xx_hal_rcc.o
HAL_RCC_NMI_IRQHandler                            build/stm32f7xx_hal_rcc.o
HAL_RCC_OscConfig                                 build/stm32f7xx_hal_rcc.o
                                                  build/main.o
HAL_ResumeTick                                    build/stm32f7xx_hal.o
HAL_SYSTICK_CLKSourceConfig                       build/stm32f7xx_hal_cortex.o
HAL_SYSTICK_Callback                              build/stm32f7xx_hal_cortex.o
HAL_SYSTICK_Config                                build/stm32f7xx_hal_cortex.o
                                                  build/stm32f7xx_hal.o
HAL_SYSTICK_IRQHandler                            build/stm32f7xx_hal_cortex.o
HAL_SetTickFreq                                   build/stm32f7xx_hal.o
HAL_SuspendTick                                   build/stm32f7xx_hal.o
HardFault_Handler                                 build/stm32f7xx_it.o
I2C1_ER_IRQHandler                                build/startup_stm32f722xx.o
I2C1_EV_IRQHandler                                build/startup_stm32f722xx.o
I2C2_ER_IRQHandler                                build/startup_stm32f722xx.o
I2C2_EV_IRQHandler                                build/startup_stm32f722xx.o
I2C3_ER_IRQHandler                                build/startup_stm32f722xx.o
I2C3_EV_IRQHandler                                build/startup_stm32f722xx.o
LPTIM1_IRQHandler                                 build/startup_stm32f722xx.o
MemManage_Handler                                 build/stm32f7xx_it.o
NMI_Handler                                       build/stm32f7xx_it.o
OTG_FS_IRQHandler                                 build/startup_stm32f722xx.o
OTG_FS_WKUP_IRQHandler                            build/startup_stm32f722xx.o
OTG_HS_EP1_IN_IRQHandler                          build/startup_stm32f722xx.o
OTG_HS_EP1_OUT_IRQHandler                         build/startup_stm32f722xx.o
OTG_HS_IRQHandler                                 build/startup_stm32f722xx.o
OTG_HS_WKUP_IRQHandler                            build/startup_stm32f722xx.o
PVD_IRQHandler                                    build/startup_stm32f722xx.o
PendSV_Handler                                    build/stm32f7xx_it.o
QUADSPI_IRQHandler                                build/startup_stm32f722xx.o
RCC_IRQHandler                                    build/startup_stm32f722xx.o
RNG_IRQHandler                                    build/startup_stm32f722xx.o
RTC_Alarm_IRQHandler                              build/startup_stm32f722xx.o
RTC_WKUP_IRQHandler                               build/startup_stm32f722xx.o
Reset_Handler                                     build/startup_stm32f722xx.o
SAI1_IRQHandler                                   build/startup_stm32f722xx.o
SAI2_IRQHandler                                   build/startup_stm32f722xx.o
SDMMC1_IRQHandler                                 build/startup_stm32f722xx.o
SDMMC2_IRQHandler                                 build/startup_stm32f722xx.o
SPI1_IRQHandler                                   build/startup_stm32f722xx.o
SPI2_IRQHandler                                   build/startup_stm32f722xx.o
SPI3_IRQHandler                                   build/startup_stm32f722xx.o
SPI4_IRQHandler                                   build/startup_stm32f722xx.o
SPI5_IRQHandler                                   build/startup_stm32f722xx.o
SVC_Handler                                       build/stm32f7xx_it.o
SysTick_Handler                                   build/stm32f7xx_it.o
SystemClock_Config                                build/main.o
SystemCoreClock                                   build/system_stm32f7xx.o
                                                  build/stm32f7xx_hal_rcc.o
                                                  build/stm32f7xx_hal_dma.o
                                                  build/stm32f7xx_hal.o
                                                  build/main.o
SystemCoreClockUpdate                             build/system_stm32f7xx.o
SystemInit                                        build/system_stm32f7xx.o
                                                  build/startup_stm32f722xx.o
TAMP_STAMP_IRQHandler                             build/startup_stm32f722xx.o
TIM1_BRK_TIM9_IRQHandler                          build/startup_stm32f722xx.o
TIM1_CC_IRQHandler                                build/startup_stm32f722xx.o
TIM1_TRG_COM_TIM11_IRQHandler                     build/startup_stm32f722xx.o
TIM1_UP_TIM10_IRQHandler                          build/startup_stm32f722xx.o
TIM2_IRQHandler                                   build/startup_stm32f722xx.o
TIM3_IRQHandler                                   build/startup_stm32f722xx.o
TIM4_IRQHandler                                   build/startup_stm32f722xx.o
TIM5_IRQHandler                                   build/startup_stm32f722xx.o
TIM6_DAC_IRQHandler                               build/startup_stm32f722xx.o
TIM7_IRQHandler                                   build/startup_stm32f722xx.o
TIM8_BRK_TIM12_IRQHandler                         build/startup_stm32f722xx.o
TIM8_CC_IRQHandler                                build/startup_stm32f722xx.o
TIM8_TRG_COM_TIM14_IRQHandler                     build/startup_stm32f722xx.o
TIM8_UP_TIM13_IRQHandler                          build/startup_stm32f722xx.o
UART4_IRQHandler                                  build/startup_stm32f722xx.o
UART5_IRQHandler                                  build/startup_stm32f722xx.o
UART7_IRQHandler                                  build/startup_stm32f722xx.o
UART8_IRQHandler                                  build/startup_stm32f722xx.o
USART1_IRQHandler                                 build/startup_stm32f722xx.o
USART2_IRQHandler                                 build/startup_stm32f722xx.o
USART3_IRQHandler                                 build/startup_stm32f722xx.o
USART6_IRQHandler                                 build/startup_stm32f722xx.o
UsageFault_Handler                                build/stm32f7xx_it.o
WWDG_IRQHandler                                   build/startup_stm32f722xx.o
__aeabi_idiv0                                     /opt/homebrew/Cellar/arm-none-eabi-gcc/10.3-2021.07/gcc/bin/../lib/gcc/arm-none-eabi/10.3.1/thumb/v7e-m+fp/hard/libgcc.a(_dvmd_tls.o)
__aeabi_ldiv0                                     /opt/homebrew/Cellar/arm-none-eabi-gcc/10.3-2021.07/gcc/bin/../lib/gcc/arm-none-eabi/10.3.1/thumb/v7e-m+fp/hard/libgcc.a(_dvmd_tls.o)
                                                  /opt/homebrew/Cellar/arm-none-eabi-gcc/10.3-2021.07/gcc/bin/../lib/gcc/arm-none-eabi/10.3.1/thumb/v7e-m+fp/hard/libgcc.a(_aeabi_uldivmod.o)
__aeabi_uldivmod                                  /opt/homebrew/Cellar/arm-none-eabi-gcc/10.3-2021.07/gcc/bin/../lib/gcc/arm-none-eabi/10.3.1/thumb/v7e-m+fp/hard/libgcc.a(_aeabi_uldivmod.o)
                                                  build/stm32f7xx_hal_rcc.o
__bss_end__                                       /opt/homebrew/Cellar/arm-none-eabi-gcc/10.3-2021.07/gcc/bin/../lib/gcc/arm-none-eabi/10.3.1/../../../../arm-none-eabi/lib/thumb/v7e-m+fp/hard/crt0.o
__bss_start__                                     /opt/homebrew/Cellar/arm-none-eabi-gcc/10.3-2021.07/gcc/bin/../lib/gcc/arm-none-eabi/10.3.1/../../../../arm-none-eabi/lib/thumb/v7e-m+fp/hard/crt0.o
__call_exitprocs                                  /opt/homebrew/Cellar/arm-none-eabi-gcc/10.3-2021.07/gcc/bin/../lib/gcc/arm-none-eabi/10.3.1/../../../../arm-none-eabi/lib/thumb/v7e-m+fp/hard/libc_nano.a(lib_a-exit.o)
__deregister_frame_info                           /opt/homebrew/Cellar/arm-none-eabi-gcc/10.3-2021.07/gcc/bin/../lib/gcc/arm-none-eabi/10.3.1/thumb/v7e-m+fp/hard/crtbegin.o
__dso_handle                                      /opt/homebrew/Cellar/arm-none-eabi-gcc/10.3-2021.07/gcc/bin/../lib/gcc/arm-none-eabi/10.3.1/thumb/v7e-m+fp/hard/crtbegin.o
__env                                             build/syscalls.o
__errno                                           /opt/homebrew/Cellar/arm-none-eabi-gcc/10.3-2021.07/gcc/bin/../lib/gcc/arm-none-eabi/10.3.1/../../../../arm-none-eabi/lib/thumb/v7e-m+fp/hard/libc_nano.a(lib_a-errno.o)
                                                  build/syscalls.o
__fp_lock_all                                     /opt/homebrew/Cellar/arm-none-eabi-gcc/10.3-2021.07/gcc/bin/../lib/gcc/arm-none-eabi/10.3.1/../../../../arm-none-eabi/lib/thumb/v7e-m+fp/hard/libc_nano.a(lib_a-findfp.o)
__fp_unlock_all                                   /opt/homebrew/Cellar/arm-none-eabi-gcc/10.3-2021.07/gcc/bin/../lib/gcc/arm-none-eabi/10.3.1/../../../../arm-none-eabi/lib/thumb/v7e-m+fp/hard/libc_nano.a(lib_a-findfp.o)
__init_array_end                                  /opt/homebrew/Cellar/arm-none-eabi-gcc/10.3-2021.07/gcc/bin/../lib/gcc/arm-none-eabi/10.3.1/../../../../arm-none-eabi/lib/thumb/v7e-m+fp/hard/libc_nano.a(lib_a-init.o)
__init_array_start                                /opt/homebrew/Cellar/arm-none-eabi-gcc/10.3-2021.07/gcc/bin/../lib/gcc/arm-none-eabi/10.3.1/../../../../arm-none-eabi/lib/thumb/v7e-m+fp/hard/libc_nano.a(lib_a-init.o)
__io_getchar                                      build/syscalls.o
__io_putchar                                      build/drv_serial.o
                                                  build/syscalls.o
__libc_fini_array                                 /opt/homebrew/Cellar/arm-none-eabi-gcc/10.3-2021.07/gcc/bin/../lib/gcc/arm-none-eabi/10.3.1/../../../../arm-none-eabi/lib/thumb/v7e-m+fp/hard/crt0.o
__libc_init_array                                 /opt/homebrew/Cellar/arm-none-eabi-gcc/10.3-2021.07/gcc/bin/../lib/gcc/arm-none-eabi/10.3.1/../../../../arm-none-eabi/lib/thumb/v7e-m+fp/hard/libc_nano.a(lib_a-init.o)
                                                  build/startup_stm32f722xx.o
                                                  /opt/homebrew/Cellar/arm-none-eabi-gcc/10.3-2021.07/gcc/bin/../lib/gcc/arm-none-eabi/10.3.1/../../../../arm-none-eabi/lib/thumb/v7e-m+fp/hard/crt0.o
__lock___arc4random_mutex                         /opt/homebrew/Cellar/arm-none-eabi-gcc/10.3-2021.07/gcc/bin/../lib/gcc/arm-none-eabi/10.3.1/../../../../arm-none-eabi/lib/thumb/v7e-m+fp/hard/libc_nano.a(lib_a-lock.o)
__lock___at_quick_exit_mutex                      /opt/homebrew/Cellar/arm-none-eabi-gcc/10.3-2021.07/gcc/bin/../lib/gcc/arm-none-eabi/10.3.1/../../../../arm-none-eabi/lib/thumb/v7e-m+fp/hard/libc_nano.a(lib_a-lock.o)
__lock___atexit_recursive_mutex                   /opt/homebrew/Cellar/arm-none-eabi-gcc/10.3-2021.07/gcc/bin/../lib/gcc/arm-none-eabi/10.3.1/../../../../arm-none-eabi/lib/thumb/v7e-m+fp/hard/libc_nano.a(lib_a-lock.o)
__lock___dd_hash_mutex                            /opt/homebrew/Cellar/arm-none-eabi-gcc/10.3-2021.07/gcc/bin/../lib/gcc/arm-none-eabi/10.3.1/../../../../arm-none-eabi/lib/thumb/v7e-m+fp/hard/libc_nano.a(lib_a-lock.o)
__lock___env_recursive_mutex                      /opt/homebrew/Cellar/arm-none-eabi-gcc/10.3-2021.07/gcc/bin/../lib/gcc/arm-none-eabi/10.3.1/../../../../arm-none-eabi/lib/thumb/v7e-m+fp/hard/libc_nano.a(lib_a-lock.o)
__lock___malloc_recursive_mutex                   /opt/homebrew/Cellar/arm-none-eabi-gcc/10.3-2021.07/gcc/bin/../lib/gcc/arm-none-eabi/10.3.1/../../../../arm-none-eabi/lib/thumb/v7e-m+fp/hard/libc_nano.a(lib_a-lock.o)
                                                  /opt/homebrew/Cellar/arm-none-eabi-gcc/10.3-2021.07/gcc/bin/../lib/gcc/arm-none-eabi/10.3.1/../../../../arm-none-eabi/lib/thumb/v7e-m+fp/hard/libc_nano.a(lib_a-mlock.o)
__lock___sfp_recursive_mutex                      /opt/homebrew/Cellar/arm-none-eabi-gcc/10.3-2021.07/gcc/bin/../lib/gcc/arm-none-eabi/10.3.1/../../../../arm-none-eabi/lib/thumb/v7e-m+fp/hard/libc_nano.a(lib_a-lock.o)
                                                  /opt/homebrew/Cellar/arm-none-eabi-gcc/10.3-2021.07/gcc/bin/../lib/gcc/arm-none-eabi/10.3.1/../../../../arm-none-eabi/lib/thumb/v7e-m+fp/hard/libc_nano.a(lib_a-findfp.o)
__lock___sinit_recursive_mutex                    /opt/homebrew/Cellar/arm-none-eabi-gcc/10.3-2021.07/gcc/bin/../lib/gcc/arm-none-eabi/10.3.1/../../../../arm-none-eabi/lib/thumb/v7e-m+fp/hard/libc_nano.a(lib_a-lock.o)
                                                  /opt/homebrew/Cellar/arm-none-eabi-gcc/10.3-2021.07/gcc/bin/../lib/gcc/arm-none-eabi/10.3.1/../../../../arm-none-eabi/lib/thumb/v7e-m+fp/hard/libc_nano.a(lib_a-findfp.o)
__lock___tz_mutex                                 /opt/homebrew/Cellar/arm-none-eabi-gcc/10.3-2021.07/gcc/bin/../lib/gcc/arm-none-eabi/10.3.1/../../../../arm-none-eabi/lib/thumb/v7e-m+fp/hard/libc_nano.a(lib_a-lock.o)
__malloc_free_list                                /opt/homebrew/Cellar/arm-none-eabi-gcc/10.3-2021.07/gcc/bin/../lib/gcc/arm-none-eabi/10.3.1/../../../../arm-none-eabi/lib/thumb/v7e-m+fp/hard/libc_nano.a(lib_a-nano-mallocr.o)